Component: ARM Compiler 5.06 update 1 (build 61) Tool: armlink [4d35a8]

==============================================================================

Section Cross References

    system_stm32f0xx.o(i.SystemCoreClockUpdate) refers to uidiv.o(.text) for __aeabi_uidivmod
    system_stm32f0xx.o(i.SystemCoreClockUpdate) refers to system_stm32f0xx.o(.data) for SystemCoreClock
    stm32f0xx_hal_adc.o(i.ADC_ConversionStop) refers to stm32f0xx_hal.o(i.HAL_GetTick) for HAL_GetTick
    stm32f0xx_hal_adc.o(i.ADC_DMAConvCplt) refers to main.o(i.HAL_ADC_ConvCpltCallback) for HAL_ADC_ConvCpltCallback
    stm32f0xx_hal_adc.o(i.ADC_DMAError) refers to stm32f0xx_hal_adc.o(i.HAL_ADC_ErrorCallback) for HAL_ADC_ErrorCallback
    stm32f0xx_hal_adc.o(i.ADC_DMAHalfConvCplt) refers to stm32f0xx_hal_adc.o(i.HAL_ADC_ConvHalfCpltCallback) for HAL_ADC_ConvHalfCpltCallback
    stm32f0xx_hal_adc.o(i.ADC_Disable) refers to stm32f0xx_hal.o(i.HAL_GetTick) for HAL_GetTick
    stm32f0xx_hal_adc.o(i.ADC_Enable) refers to uidiv.o(.text) for __aeabi_uidivmod
    stm32f0xx_hal_adc.o(i.ADC_Enable) refers to stm32f0xx_hal.o(i.HAL_GetTick) for HAL_GetTick
    stm32f0xx_hal_adc.o(i.ADC_Enable) refers to system_stm32f0xx.o(.data) for SystemCoreClock
    stm32f0xx_hal_adc.o(i.HAL_ADC_ConfigChannel) refers to uidiv.o(.text) for __aeabi_uidivmod
    stm32f0xx_hal_adc.o(i.HAL_ADC_ConfigChannel) refers to system_stm32f0xx.o(.data) for SystemCoreClock
    stm32f0xx_hal_adc.o(i.HAL_ADC_DeInit) refers to stm32f0xx_hal_adc.o(i.ADC_ConversionStop) for ADC_ConversionStop
    stm32f0xx_hal_adc.o(i.HAL_ADC_DeInit) refers to stm32f0xx_hal_adc.o(i.ADC_Disable) for ADC_Disable
    stm32f0xx_hal_adc.o(i.HAL_ADC_DeInit) refers to adc.o(i.HAL_ADC_MspDeInit) for HAL_ADC_MspDeInit
    stm32f0xx_hal_adc.o(i.HAL_ADC_IRQHandler) refers to main.o(i.HAL_ADC_ConvCpltCallback) for HAL_ADC_ConvCpltCallback
    stm32f0xx_hal_adc.o(i.HAL_ADC_IRQHandler) refers to stm32f0xx_hal_adc.o(i.HAL_ADC_LevelOutOfWindowCallback) for HAL_ADC_LevelOutOfWindowCallback
    stm32f0xx_hal_adc.o(i.HAL_ADC_IRQHandler) refers to stm32f0xx_hal_adc.o(i.HAL_ADC_ErrorCallback) for HAL_ADC_ErrorCallback
    stm32f0xx_hal_adc.o(i.HAL_ADC_Init) refers to adc.o(i.HAL_ADC_MspInit) for HAL_ADC_MspInit
    stm32f0xx_hal_adc.o(i.HAL_ADC_PollForConversion) refers to stm32f0xx_hal.o(i.HAL_GetTick) for HAL_GetTick
    stm32f0xx_hal_adc.o(i.HAL_ADC_PollForEvent) refers to stm32f0xx_hal.o(i.HAL_GetTick) for HAL_GetTick
    stm32f0xx_hal_adc.o(i.HAL_ADC_Start) refers to stm32f0xx_hal_adc.o(i.ADC_Enable) for ADC_Enable
    stm32f0xx_hal_adc.o(i.HAL_ADC_Start_DMA) refers to stm32f0xx_hal_adc.o(i.ADC_Enable) for ADC_Enable
    stm32f0xx_hal_adc.o(i.HAL_ADC_Start_DMA) refers to stm32f0xx_hal_dma.o(i.HAL_DMA_Start_IT) for HAL_DMA_Start_IT
    stm32f0xx_hal_adc.o(i.HAL_ADC_Start_DMA) refers to stm32f0xx_hal_adc.o(i.ADC_DMAConvCplt) for ADC_DMAConvCplt
    stm32f0xx_hal_adc.o(i.HAL_ADC_Start_DMA) refers to stm32f0xx_hal_adc.o(i.ADC_DMAHalfConvCplt) for ADC_DMAHalfConvCplt
    stm32f0xx_hal_adc.o(i.HAL_ADC_Start_DMA) refers to stm32f0xx_hal_adc.o(i.ADC_DMAError) for ADC_DMAError
    stm32f0xx_hal_adc.o(i.HAL_ADC_Start_IT) refers to stm32f0xx_hal_adc.o(i.ADC_Enable) for ADC_Enable
    stm32f0xx_hal_adc.o(i.HAL_ADC_Stop) refers to stm32f0xx_hal_adc.o(i.ADC_ConversionStop) for ADC_ConversionStop
    stm32f0xx_hal_adc.o(i.HAL_ADC_Stop) refers to stm32f0xx_hal_adc.o(i.ADC_Disable) for ADC_Disable
    stm32f0xx_hal_adc.o(i.HAL_ADC_Stop_DMA) refers to stm32f0xx_hal_adc.o(i.ADC_ConversionStop) for ADC_ConversionStop
    stm32f0xx_hal_adc.o(i.HAL_ADC_Stop_DMA) refers to stm32f0xx_hal_dma.o(i.HAL_DMA_Abort) for HAL_DMA_Abort
    stm32f0xx_hal_adc.o(i.HAL_ADC_Stop_DMA) refers to stm32f0xx_hal_adc.o(i.ADC_Disable) for ADC_Disable
    stm32f0xx_hal_adc.o(i.HAL_ADC_Stop_IT) refers to stm32f0xx_hal_adc.o(i.ADC_ConversionStop) for ADC_ConversionStop
    stm32f0xx_hal_adc.o(i.HAL_ADC_Stop_IT) refers to stm32f0xx_hal_adc.o(i.ADC_Disable) for ADC_Disable
    stm32f0xx_hal_rtc.o(i.HAL_RTC_AlarmIRQHandler) refers to stm32f0xx_hal_rtc.o(i.HAL_RTC_AlarmAEventCallback) for HAL_RTC_AlarmAEventCallback
    stm32f0xx_hal_rtc.o(i.HAL_RTC_DeInit) refers to stm32f0xx_hal_rtc.o(i.RTC_EnterInitMode) for RTC_EnterInitMode
    stm32f0xx_hal_rtc.o(i.HAL_RTC_DeInit) refers to stm32f0xx_hal_rtc.o(i.HAL_RTC_WaitForSynchro) for HAL_RTC_WaitForSynchro
    stm32f0xx_hal_rtc.o(i.HAL_RTC_DeInit) refers to rtc.o(i.HAL_RTC_MspDeInit) for HAL_RTC_MspDeInit
    stm32f0xx_hal_rtc.o(i.HAL_RTC_DeactivateAlarm) refers to stm32f0xx_hal.o(i.HAL_GetTick) for HAL_GetTick
    stm32f0xx_hal_rtc.o(i.HAL_RTC_GetAlarm) refers to stm32f0xx_hal_rtc.o(i.RTC_Bcd2ToByte) for RTC_Bcd2ToByte
    stm32f0xx_hal_rtc.o(i.HAL_RTC_GetDate) refers to stm32f0xx_hal_rtc.o(i.RTC_Bcd2ToByte) for RTC_Bcd2ToByte
    stm32f0xx_hal_rtc.o(i.HAL_RTC_GetTime) refers to stm32f0xx_hal_rtc.o(i.RTC_Bcd2ToByte) for RTC_Bcd2ToByte
[...]
    _main_clock                              0x080000bd   Thumb Code     0  entry7b.o(.ARM.Collect$$$$00000008)
    _main_cpp_init                           0x080000bd   Thumb Code     0  entry8b.o(.ARM.Collect$$$$0000000A)
    _main_init                               0x080000bd   Thumb Code     0  entry9a.o(.ARM.Collect$$$$0000000B)
    __rt_final_cpp                           0x080000c5   Thumb Code     0  entry10a.o(.ARM.Collect$$$$0000000D)
    __rt_final_exit                          0x080000c5   Thumb Code     0  entry11a.o(.ARM.Collect$$$$0000000F)
    Reset_Handler                            0x080000c9   Thumb Code     8  startup_stm32f030x8.o(.text)
    NMI_Handler                              0x080000d1   Thumb Code     2  startup_stm32f030x8.o(.text)
    HardFault_Handler                        0x080000d3   Thumb Code     2  startup_stm32f030x8.o(.text)
    SVC_Handler                              0x080000d5   Thumb Code     2  startup_stm32f030x8.o(.text)
    PendSV_Handler                           0x080000d7   Thumb Code     2  startup_stm32f030x8.o(.text)
    ADC1_IRQHandler                          0x080000db   Thumb Code     0  startup_stm32f030x8.o(.text)
    EXTI0_1_IRQHandler                       0x080000db   Thumb Code     0  startup_stm32f030x8.o(.text)
    EXTI2_3_IRQHandler                       0x080000db   Thumb Code     0  startup_stm32f030x8.o(.text)
    EXTI4_15_IRQHandler                      0x080000db   Thumb Code     0  startup_stm32f030x8.o(.text)
    FLASH_IRQHandler                         0x080000db   Thumb Code     0  startup_stm32f030x8.o(.text)
    I2C1_IRQHandler                          0x080000db   Thumb Code     0  startup_stm32f030x8.o(.text)
    I2C2_IRQHandler                          0x080000db   Thumb Code     0  startup_stm32f030x8.o(.text)
    RCC_IRQHandler                           0x080000db   Thumb Code     0  startup_stm32f030x8.o(.text)
    SPI1_IRQHandler                          0x080000db   Thumb Code     0  startup_stm32f030x8.o(.text)
    SPI2_IRQHandler                          0x080000db   Thumb Code     0  startup_stm32f030x8.o(.text)
    TIM14_IRQHandler                         0x080000db   Thumb Code     0  startup_stm32f030x8.o(.text)
    TIM15_IRQHandler                         0x080000db   Thumb Code     0  startup_stm32f030x8.o(.text)
    TIM16_IRQHandler                         0x080000db   Thumb Code     0  startup_stm32f030x8.o(.text)
    TIM17_IRQHandler                         0x080000db   Thumb Code     0  startup_stm32f030x8.o(.text)
    TIM1_CC_IRQHandler                       0x080000db   Thumb Code     0  startup_stm32f030x8.o(.text)
    TIM3_IRQHandler                          0x080000db   Thumb Code     0  startup_stm32f030x8.o(.text)
    USART1_IRQHandler                        0x080000db   Thumb Code     0  startup_stm32f030x8.o(.text)
    USART2_IRQHandler                        0x080000db   Thumb Code     0  startup_stm32f030x8.o(.text)
    WWDG_IRQHandler                          0x080000db   Thumb Code     0  startup_stm32f030x8.o(.text)
    __aeabi_uidiv                            0x080000e5   Thumb Code     0  uidiv.o(.text)
    __aeabi_uidivmod                         0x080000e5   Thumb Code    44  uidiv.o(.text)
    __aeabi_llsr                             0x08000111   Thumb Code    34  llushr.o(.text)
    _ll_ushift_r                             0x08000111   Thumb Code     0  llushr.o(.text)
    tolower                                  0x08000133   Thumb Code    12  tolower.o(.text)
    __aeabi_memcpy                           0x0800013f   Thumb Code    36  memcpya.o(.text)
    __aeabi_memcpy4                          0x0800013f   Thumb Code     0  memcpya.o(.text)
    __aeabi_memcpy8                          0x0800013f   Thumb Code     0  memcpya.o(.text)
    __aeabi_memset                           0x08000163   Thumb Code    14  memseta.o(.text)
    __aeabi_memset4                          0x08000163   Thumb Code     0  memseta.o(.text)
    __aeabi_memset8                          0x08000163   Thumb Code     0  memseta.o(.text)
    __aeabi_memclr                           0x08000171   Thumb Code     4  memseta.o(.text)
    __aeabi_memclr4                          0x08000171   Thumb Code     0  memseta.o(.text)
    __aeabi_memclr8                          0x08000171   Thumb Code     0  memseta.o(.text)
    _memset$wrapper                          0x08000175   Thumb Code    18  memseta.o(.text)
    strstr                                   0x08000187   Thumb Code    40  strstr.o(.text)
    strncpy                                  0x080001af   Thumb Code    26  strncpy.o(.text)
    strchr                                   0x080001c9   Thumb Code    20  strchr.o(.text)
    strlen                                   0x080001dd   Thumb Code    14  strlen.o(.text)
    strcmp                                   0x080001eb   Thumb Code    28  strcmp.o(.text)
    strcpy                                   0x08000207   Thumb Code    18  strcpy.o(.text)
    strncmp                                  0x08000219   Thumb Code    30  strncmp.o(.text)
    strtok                                   0x08000239   Thumb Code    68  strtok.o(.text)
    strcasecmp                               0x08000281   Thumb Code    38  strcasecmp.o(.text)
    strncasecmp                              0x080002a7   Thumb Code    46  strncasecmp.o(.text)
    atoi                                     0x080002d5   Thumb Code    26  atoi.o(.text)
    atol                                     0x080002ef   Thumb Code    26  atol.o(.text)
    __aeabi_fadd                             0x08000309   Thumb Code   162  fadd.o(.text)
    __aeabi_fsub                             0x080003ab   Thumb Code     8  fadd.o(.text)
    __aeabi_frsub                            0x080003b3   Thumb Code     8  fadd.o(.text)
    __aeabi_fdiv                             0x080003bb   Thumb Code   124  fdiv.o(.text)
    __aeabi_dadd                             0x08000439   Thumb Code   328  dadd.o(.text)
    __aeabi_dsub                             0x08000581   Thumb Code    12  dadd.o(.text)
    __aeabi_drsub                            0x0800058d   Thumb Code    12  dadd.o(.text)
    __aeabi_dmul                             0x0800059d   Thumb Code   202  dmul.o(.text)
    __aeabi_ddiv                             0x0800066d   Thumb Code   234  ddiv.o(.text)
    __aeabi_i2f                              0x0800075d   Thumb Code    22  fflti.o(.text)
    __aeabi_i2d                              0x08000775   Thumb Code    34  dflti.o(.text)
    __aeabi_ui2d                             0x0800079d   Thumb Code    24  dfltui.o(.text)
    __aeabi_d2iz                             0x080007b9   Thumb Code    62  dfixi.o(.text)
    __aeabi_d2uiz                            0x08000801   Thumb Code    50  dfixui.o(.text)
    __aeabi_f2d                              0x0800083d   Thumb Code    40  f2d.o(.text)
    __aeabi_cdcmpeq                          0x08000865   Thumb Code     0  cdcmple.o(.text)
    __aeabi_cdcmple                          0x08000865   Thumb Code    38  cdcmple.o(.text)
    __aeabi_cdrcmple                         0x0800088d   Thumb Code    38  cdrcmple.o(.text)
    __aeabi_d2f                              0x080008b5   Thumb Code    56  d2f.o(.text)
    __aeabi_cfcmpeq                          0x080008ed   Thumb Code     0  cfcmple.o(.text)
    __aeabi_cfcmple                          0x080008ed   Thumb Code    20  cfcmple.o(.text)
    __aeabi_cfrcmple                         0x08000901   Thumb Code    20  cfrcmple.o(.text)
    __aeabi_uldivmod                         0x08000915   Thumb Code    96  uldiv.o(.text)
    __aeabi_llsl                             0x08000975   Thumb Code    32  llshl.o(.text)
    _ll_shift_l                              0x08000975   Thumb Code     0  llshl.o(.text)
    __aeabi_lasr                             0x08000995   Thumb Code    38  llsshr.o(.text)
    _ll_sshift_r                             0x08000995   Thumb Code     0  llsshr.o(.text)
    __strtod_int                             0x080009f3   Thumb Code    92  strtod.o(.text)
    strtol                                   0x08000a61   Thumb Code   108  strtol.o(.text)
    __I$use$fp                               0x08000ad1   Thumb Code     0  iusefp.o(.text)
    _float_round                             0x08000ad1   Thumb Code    16  fepilogue.o(.text)
    _float_epilogue                          0x08000ae1   Thumb Code   114  fepilogue.o(.text)
    _double_round                            0x08000b53   Thumb Code    26  depilogue.o(.text)
    _double_epilogue                         0x08000b6d   Thumb Code   164  depilogue.o(.text)
    __ARM_scalbn                             0x08000c11   Thumb Code    44  dscalb.o(.text)
    scalbn                                   0x08000c11   Thumb Code     0  dscalb.o(.text)
    __aeabi_d2ulz                            0x08000c3d   Thumb Code    54  dfixul.o(.text)
    __ARM_dcmp4                              0x08000c7d   Thumb Code    88  dcmp4.o(.text)
    _dcmp4                                   0x08000c7d   Thumb Code     0  dcmp4.o(.text)
    __scatterload                            0x08000cdd   Thumb Code    28  init.o(.text)
    __scatterload_rt2                        0x08000cdd   Thumb Code     0  init.o(.text)
    __rt_ctype_table                         0x08000d01   Thumb Code     4  ctype_o.o(.text)
    isspace                                  0x08000d09   Thumb Code    18  isspace_o.o(.text)
    _scanf_real                              0x08000e13   Thumb Code     0  scanf_fp.o(.text)
    _scanf_really_real                       0x08000e13   Thumb Code   586  scanf_fp.o(.text)
    _sgetc                                   0x08001069   Thumb Code    32  _sgetc.o(.text)
    _sbackspace                              0x08001089   Thumb Code    36  _sgetc.o(.text)
    _strtoul                                 0x080010ad   Thumb Code   166  _strtoul.o(.text)
    _dsqrt                                   0x08001153   Thumb Code   162  dsqrt.o(.text)
    __aeabi_lmul                             0x080011f5   Thumb Code   122  llmul.o(.text)
    _ll_mul                                  0x080011f5   Thumb Code     0  llmul.o(.text)
    _chval                                   0x0800126f   Thumb Code    30  _chval.o(.text)
    __aeabi_ul2d                             0x0800128d   Thumb Code    22  dfltul.o(.text)
    __decompress                             0x080012a9   Thumb Code     0  __dczerorl2.o(.text)
    __decompress1                            0x080012a9   Thumb Code    86  __dczerorl2.o(.text)
    DMA1_Channel1_IRQHandler                 0x08001485   Thumb Code    16  stm32f0xx_it.o(i.DMA1_Channel1_IRQHandler)
    DMA1_Channel2_3_IRQHandler               0x08001499   Thumb Code    16  stm32f0xx_it.o(i.DMA1_Channel2_3_IRQHandler)
    DMA1_Channel4_5_IRQHandler               0x080014ad   Thumb Code    16  stm32f0xx_it.o(i.DMA1_Channel4_5_IRQHandler)
    FLASH_PageErase                          0x08001509   Thumb Code    34  stm32f0xx_hal_flash_ex.o(i.FLASH_PageErase)
    FLASH_WaitForLastOperation               0x08001595   Thumb Code   100  stm32f0xx_hal_flash.o(i.FLASH_WaitForLastOperation)
    HAL_ADCEx_Calibration_Start              0x080015fd   Thumb Code   194  stm32f0xx_hal_adc_ex.o(i.HAL_ADCEx_Calibration_Start)
    HAL_ADC_ConfigChannel                    0x080016c1   Thumb Code   370  stm32f0xx_hal_adc.o(i.HAL_ADC_ConfigChannel)
    HAL_ADC_ConvCpltCallback                 0x08001845   Thumb Code     8  main.o(i.HAL_ADC_ConvCpltCallback)
    HAL_ADC_ConvHalfCpltCallback             0x08001851   Thumb Code     2  stm32f0xx_hal_adc.o(i.HAL_ADC_ConvHalfCpltCallback)
    HAL_ADC_ErrorCallback                    0x08001853   Thumb Code     2  stm32f0xx_hal_adc.o(i.HAL_ADC_ErrorCallback)
    HAL_ADC_Init                             0x08001855   Thumb Code   422  stm32f0xx_hal_adc.o(i.HAL_ADC_Init)
    HAL_ADC_MspInit                          0x08001a05   Thumb Code   134  adc.o(i.HAL_ADC_MspInit)
    HAL_ADC_Start_DMA                        0x08001a9d   Thumb Code   176  stm32f0xx_hal_adc.o(i.HAL_ADC_Start_DMA)
    HAL_DMA_Abort                            0x08001b5d   Thumb Code   100  stm32f0xx_hal_dma.o(i.HAL_DMA_Abort)
    HAL_DMA_IRQHandler                       0x08001bc1   Thumb Code   606  stm32f0xx_hal_dma.o(i.HAL_DMA_IRQHandler)
    HAL_DMA_Init                             0x08001e25   Thumb Code    86  stm32f0xx_hal_dma.o(i.HAL_DMA_Init)
    HAL_DMA_Start_IT                         0x08001e81   Thumb Code   114  stm32f0xx_hal_dma.o(i.HAL_DMA_Start_IT)
    HAL_Delay                                0x08001ef3   Thumb Code    26  stm32f0xx_hal.o(i.HAL_Delay)
    HAL_FLASHEx_Erase                        0x08001f0d   Thumb Code   160  stm32f0xx_hal_flash_ex.o(i.HAL_FLASHEx_Erase)
    HAL_FLASH_Lock                           0x08001fb9   Thumb Code    16  stm32f0xx_hal_flash.o(i.HAL_FLASH_Lock)
    HAL_FLASH_Program                        0x08001fcd   Thumb Code   174  stm32f0xx_hal_flash.o(i.HAL_FLASH_Program)
    HAL_FLASH_Unlock                         0x08002089   Thumb Code    32  stm32f0xx_hal_flash.o(i.HAL_FLASH_Unlock)
    HAL_GPIO_Init                            0x080020b5   Thumb Code   470  stm32f0xx_hal_gpio.o(i.HAL_GPIO_Init)
    HAL_GPIO_TogglePin                       0x080022a5   Thumb Code     8  stm32f0xx_hal_gpio.o(i.HAL_GPIO_TogglePin)
    HAL_GPIO_WritePin                        0x080022ad   Thumb Code    12  stm32f0xx_hal_gpio.o(i.HAL_GPIO_WritePin)
    HAL_GetTick                              0x080022b9   Thumb Code     6  stm32f0xx_hal.o(i.HAL_GetTick)
    HAL_I2CEx_ConfigAnalogFilter             0x080022c5   Thumb Code   142  stm32f0xx_hal_i2c_ex.o(i.HAL_I2CEx_ConfigAnalogFilter)
    HAL_I2C_Init                             0x08002355   Thumb Code   190  stm32f0xx_hal_i2c.o(i.HAL_I2C_Init)
    HAL_I2C_Master_Receive                   0x08002419   Thumb Code   320  stm32f0xx_hal_i2c.o(i.HAL_I2C_Master_Receive)
    HAL_I2C_Master_Transmit                  0x0800255d   Thumb Code   338  stm32f0xx_hal_i2c.o(i.HAL_I2C_Master_Transmit)
    HAL_I2C_Mem_Write                        0x080026b5   Thumb Code   386  stm32f0xx_hal_i2c.o(i.HAL_I2C_Mem_Write)
    HAL_I2C_MspInit                          0x0800283d   Thumb Code    80  i2c.o(i.HAL_I2C_MspInit)
    HAL_IncTick                              0x08002899   Thumb Code    12  stm32f0xx_hal.o(i.HAL_IncTick)
    HAL_Init                                 0x080028a9   Thumb Code    28  stm32f0xx_hal.o(i.HAL_Init)
    HAL_InitTick                             0x080028c9   Thumb Code    38  stm32f0xx_hal.o(i.HAL_InitTick)
    HAL_MspInit                              0x080028f1   Thumb Code    42  stm32f0xx_hal_msp.o(i.HAL_MspInit)
    HAL_NVIC_ClearPendingIRQ                 0x08002921   Thumb Code    18  stm32f0xx_hal_cortex.o(i.HAL_NVIC_ClearPendingIRQ)
    HAL_NVIC_EnableIRQ                       0x08002939   Thumb Code    18  stm32f0xx_hal_cortex.o(i.HAL_NVIC_EnableIRQ)
    HAL_NVIC_SetPriority                     0x08002951   Thumb Code    18  stm32f0xx_hal_cortex.o(i.HAL_NVIC_SetPriority)
    HAL_NVIC_SystemReset                     0x08002965   Thumb Code    48  stm32f0xx_hal_cortex.o(i.HAL_NVIC_SystemReset)
    HAL_PWR_EnableBkUpAccess                 0x0800299d   Thumb Code    16  stm32f0xx_hal_pwr.o(i.HAL_PWR_EnableBkUpAccess)
    HAL_PWR_EnterSTOPMode                    0x080029b1   Thumb Code    64  stm32f0xx_hal_pwr.o(i.HAL_PWR_EnterSTOPMode)
    HAL_RCCEx_PeriphCLKConfig                0x080029f9   Thumb Code   282  stm32f0xx_hal_rcc_ex.o(i.HAL_RCCEx_PeriphCLKConfig)
    HAL_RCC_ClockConfig                      0x08002b21   Thumb Code   578  stm32f0xx_hal_rcc.o(i.HAL_RCC_ClockConfig)
    HAL_RCC_GetHCLKFreq                      0x08002d71   Thumb Code    32  stm32f0xx_hal_rcc.o(i.HAL_RCC_GetHCLKFreq)
    HAL_RCC_GetPCLK1Freq                     0x08002d9d   Thumb Code    26  stm32f0xx_hal_rcc.o(i.HAL_RCC_GetPCLK1Freq)
    HAL_RCC_GetSysClockFreq                  0x08002dc1   Thumb Code   150  stm32f0xx_hal_rcc.o(i.HAL_RCC_GetSysClockFreq)
    HAL_RCC_OscConfig                        0x08002e85   Thumb Code  1448  stm32f0xx_hal_rcc.o(i.HAL_RCC_OscConfig)
    HAL_RTC_AlarmAEventCallback              0x08003431   Thumb Code     2  stm32f0xx_hal_rtc.o(i.HAL_RTC_AlarmAEventCallback)
    HAL_RTC_AlarmIRQHandler                  0x08003435   Thumb Code    68  stm32f0xx_hal_rtc.o(i.HAL_RTC_AlarmIRQHandler)
    HAL_RTC_Init                             0x08003481   Thumb Code   182  stm32f0xx_hal_rtc.o(i.HAL_RTC_Init)
    HAL_RTC_MspInit                          0x0800353d   Thumb Code    78  rtc.o(i.HAL_RTC_MspInit)
    HAL_RTC_SetAlarm_IT                      0x08003595   Thumb Code   432  stm32f0xx_hal_rtc.o(i.HAL_RTC_SetAlarm_IT)
    HAL_RTC_SetDate                          0x0800374d   Thumb Code   280  stm32f0xx_hal_rtc.o(i.HAL_RTC_SetDate)
    HAL_RTC_SetTime                          0x08003869   Thumb Code   318  stm32f0xx_hal_rtc.o(i.HAL_RTC_SetTime)
    HAL_RTC_WaitForSynchro                   0x080039ad   Thumb Code    60  stm32f0xx_hal_rtc.o(i.HAL_RTC_WaitForSynchro)
    HAL_SYSTICK_CLKSourceConfig              0x080039e9   Thumb Code    32  stm32f0xx_hal_cortex.o(i.HAL_SYSTICK_CLKSourceConfig)
    HAL_SYSTICK_Callback                     0x08003a0d   Thumb Code     2  stm32f0xx_hal_cortex.o(i.HAL_SYSTICK_Callback)
    HAL_SYSTICK_Config                       0x08003a11   Thumb Code    46  stm32f0xx_hal_cortex.o(i.HAL_SYSTICK_Config)
    HAL_SYSTICK_IRQHandler                   0x08003a49   Thumb Code     8  stm32f0xx_hal_cortex.o(i.HAL_SYSTICK_IRQHandler)
    HAL_TIMEx_BreakCallback                  0x08003a51   Thumb Code     2  stm32f0xx_hal_tim_ex.o(i.HAL_TIMEx_BreakCallback)
    HAL_TIMEx_CommutationCallback            0x08003a53   Thumb Code     2  stm32f0xx_hal_tim_ex.o(i.HAL_TIMEx_CommutationCallback)
    HAL_TIMEx_MasterConfigSynchronization    0x08003a55   Thumb Code    98  stm32f0xx_hal_tim_ex.o(i.HAL_TIMEx_MasterConfigSynchronization)
    HAL_TIM_Base_Init                        0x08003ab7   Thumb Code    56  stm32f0xx_hal_tim.o(i.HAL_TIM_Base_Init)
    HAL_TIM_Base_MspInit                     0x08003af1   Thumb Code    58  tim.o(i.HAL_TIM_Base_MspInit)
    HAL_TIM_Base_Start_IT                    0x08003b35   Thumb Code    30  stm32f0xx_hal_tim.o(i.HAL_TIM_Base_Start_IT)
    HAL_TIM_ConfigClockSource                0x08003b53   Thumb Code   318  stm32f0xx_hal_tim.o(i.HAL_TIM_ConfigClockSource)
    HAL_TIM_IC_CaptureCallback               0x08003c91   Thumb Code     2  stm32f0xx_hal_tim.o(i.HAL_TIM_IC_CaptureCallback)
    HAL_TIM_IRQHandler                       0x08003c93   Thumb Code   456  stm32f0xx_hal_tim.o(i.HAL_TIM_IRQHandler)
    HAL_TIM_OC_DelayElapsedCallback          0x08003e5b   Thumb Code     2  stm32f0xx_hal_tim.o(i.HAL_TIM_OC_DelayElapsedCallback)
    HAL_TIM_PWM_PulseFinishedCallback        0x08003e5d   Thumb Code     2  stm32f0xx_hal_tim.o(i.HAL_TIM_PWM_PulseFinishedCallback)
    HAL_TIM_PeriodElapsedCallback            0x08003e61   Thumb Code    46  tick.o(i.HAL_TIM_PeriodElapsedCallback)
    HAL_TIM_TriggerCallback                  0x08003e9d   Thumb Code     2  stm32f0xx_hal_tim.o(i.HAL_TIM_TriggerCallback)
    HAL_UART_DMAStop                         0x08003e9f   Thumb Code    62  stm32f0xx_hal_uart.o(i.HAL_UART_DMAStop)
    HAL_UART_ErrorCallback                   0x08003edd   Thumb Code     2  stm32f0xx_hal_uart.o(i.HAL_UART_ErrorCallback)
    HAL_UART_Init                            0x08003edf   Thumb Code   130  stm32f0xx_hal_uart.o(i.HAL_UART_Init)
    HAL_UART_MspInit                         0x08003f61   Thumb Code   250  usart.o(i.HAL_UART_MspInit)
    HAL_UART_Receive_DMA                     0x08004075   Thumb Code   158  stm32f0xx_hal_uart.o(i.HAL_UART_Receive_DMA)
    HAL_UART_RxCpltCallback                  0x08004121   Thumb Code     2  stm32f0xx_hal_uart.o(i.HAL_UART_RxCpltCallback)
    HAL_UART_RxHalfCpltCallback              0x08004123   Thumb Code     2  stm32f0xx_hal_uart.o(i.HAL_UART_RxHalfCpltCallback)
    HAL_UART_Transmit                        0x08004125   Thumb Code   238  stm32f0xx_hal_uart.o(i.HAL_UART_Transmit)
    LoadId                                   0x080044f9   Thumb Code    60  main.o(i.LoadId)
    MD5Decode                                0x0800453d   Thumb Code    50  md5.o(i.MD5Decode)
    MD5Encode                                0x0800456f   Thumb Code    62  md5.o(i.MD5Encode)
    MD5Final                                 0x080045ad   Thumb Code    76  md5.o(i.MD5Final)
    MD5Init                                  0x080045fd   Thumb Code    26  md5.o(i.MD5Init)
    MD5Transform                             0x08004621   Thumb Code  2040  md5.o(i.MD5Transform)
    MD5Update                                0x08004e8d   Thumb Code   148  md5.o(i.MD5Update)
    MX_ADC_Init                              0x08004f21   Thumb Code    78  adc.o(i.MX_ADC_Init)
    MX_DMA_Init                              0x08004f79   Thumb Code    48  dma.o(i.MX_DMA_Init)
    MX_GPIO_Init                             0x08004fad   Thumb Code   222  gpio.o(i.MX_GPIO_Init)
    MX_I2C2_Init                             0x0800509d   Thumb Code    48  i2c.o(i.MX_I2C2_Init)
    MX_RTC_Init                              0x080050d9   Thumb Code    38  rtc.o(i.MX_RTC_Init)
    MX_TIM1_Init                             0x08005109   Thumb Code    66  tim.o(i.MX_TIM1_Init)
    MX_USART1_UART_Init                      0x08005155   Thumb Code    50  usart.o(i.MX_USART1_UART_Init)
    MX_USART2_UART_Init                      0x08005191   Thumb Code    50  usart.o(i.MX_USART2_UART_Init)
    RTC_Bcd2ToByte                           0x08005245   Thumb Code    26  stm32f0xx_hal_rtc.o(i.RTC_Bcd2ToByte)
    RTC_ByteToBcd2                           0x0800525f   Thumb Code    26  stm32f0xx_hal_rtc.o(i.RTC_ByteToBcd2)
    RTC_EnterInitMode                        0x08005279   Thumb Code    66  stm32f0xx_hal_rtc.o(i.RTC_EnterInitMode)
    RTC_IRQHandler                           0x080052bd   Thumb Code    16  stm32f0xx_it.o(i.RTC_IRQHandler)
    SysTick_Handler                          0x080052d1   Thumb Code    12  stm32f0xx_it.o(i.SysTick_Handler)
    SystemClock_Config                       0x080052dd   Thumb Code   120  main.o(i.SystemClock_Config)
    SystemInit                               0x08005359   Thumb Code   104  system_stm32f0xx.o(i.SystemInit)
    TIM1_BRK_UP_TRG_COM_IRQHandler           0x080053cd   Thumb Code    16  stm32f0xx_it.o(i.TIM1_BRK_UP_TRG_COM_IRQHandler)
    TIM_Base_SetConfig                       0x080053e1   Thumb Code   124  stm32f0xx_hal_tim.o(i.TIM_Base_SetConfig)
    TransmitHex                              0x08005535   Thumb Code    56  main.o(i.TransmitHex)
    TransmitString                           0x0800556d   Thumb Code    30  main.o(i.TransmitString)
    UART_AdvFeatureConfig                    0x0800558b   Thumb Code   240  stm32f0xx_hal_uart.o(i.UART_AdvFeatureConfig)
    UART_CheckIdleState                      0x0800567b   Thumb Code    26  stm32f0xx_hal_uart.o(i.UART_CheckIdleState)
    UART_SetConfig                           0x0800570d   Thumb Code   412  stm32f0xx_hal_uart.o(i.UART_SetConfig)
    UART_WaitOnFlagUntilTimeout              0x080058c5   Thumb Code   254  stm32f0xx_hal_uart.o(i.UART_WaitOnFlagUntilTimeout)
    __0printf                                0x080059c5   Thumb Code    24  printfa.o(i.__0printf)
    __1printf                                0x080059c5   Thumb Code     0  printfa.o(i.__0printf)
    __2printf                                0x080059c5   Thumb Code     0  printfa.o(i.__0printf)
    __c89printf                              0x080059c5   Thumb Code     0  printfa.o(i.__0printf)
    printf                                   0x080059c5   Thumb Code     0  printfa.o(i.__0printf)
    __0sprintf                               0x080059e5   Thumb Code    36  printfa.o(i.__0sprintf)
    __1sprintf                               0x080059e5   Thumb Code     0  printfa.o(i.__0sprintf)
    __2sprintf                               0x080059e5   Thumb Code     0  printfa.o(i.__0sprintf)
    __c89sprintf                             0x080059e5   Thumb Code     0  printfa.o(i.__0sprintf)
    sprintf                                  0x080059e5   Thumb Code     0  printfa.o(i.__0sprintf)
    __0vsnprintf                             0x08005a0d   Thumb Code    32  printfa.o(i.__0vsnprintf)
    __1vsnprintf                             0x08005a0d   Thumb Code     0  printfa.o(i.__0vsnprintf)
    __2vsnprintf                             0x08005a0d   Thumb Code     0  printfa.o(i.__0vsnprintf)
    __c89vsnprintf                           0x08005a0d   Thumb Code     0  printfa.o(i.__0vsnprintf)
    vsnprintf                                0x08005a0d   Thumb Code     0  printfa.o(i.__0vsnprintf)
    __ARM_clz                                0x08005a31   Thumb Code    46  depilogue.o(i.__ARM_clz)
    __ARM_common_switch8                     0x08005a5f   Thumb Code    28  stm32f0xx_hal_tim.o(i.__ARM_common_switch8)
    __ARM_fpclassify                         0x08005a7d   Thumb Code    40  fpclassify.o(i.__ARM_fpclassify)
    __aeabi_errno_addr                       0x08005aa9   Thumb Code     4  errno.o(i.__aeabi_errno_addr)
    __rt_errno_addr                          0x08005aa9   Thumb Code     0  errno.o(i.__aeabi_errno_addr)
    __kernel_poly                            0x08005ab1   Thumb Code   172  poly.o(i.__kernel_poly)
    __mathlib_dbl_divzero                    0x08005b5d   Thumb Code    16  dunder.o(i.__mathlib_dbl_divzero)
    __mathlib_dbl_infnan2                    0x08005b71   Thumb Code     8  dunder.o(i.__mathlib_dbl_infnan2)
    __mathlib_dbl_invalid                    0x08005b79   Thumb Code    16  dunder.o(i.__mathlib_dbl_invalid)
    __mathlib_dbl_overflow                   0x08005b89   Thumb Code    16  dunder.o(i.__mathlib_dbl_overflow)
    __mathlib_dbl_underflow                  0x08005b9d   Thumb Code    14  dunder.o(i.__mathlib_dbl_underflow)
    __read_errno                             0x08005bb1   Thumb Code     6  errno.o(i.__read_errno)
    __scatterload_copy                       0x08005bbd   Thumb Code    14  handlers.o(i.__scatterload_copy)
    __scatterload_null                       0x08005bcb   Thumb Code     2  handlers.o(i.__scatterload_null)
    __scatterload_zeroinit                   0x08005bcd   Thumb Code    14  handlers.o(i.__scatterload_zeroinit)
    __set_errno                              0x08005bdd   Thumb Code     6  errno.o(i.__set_errno)
    _is_digit                                0x08005d41   Thumb Code    14  scanf_fp.o(i._is_digit)
    atof                                     0x080064a9   Thumb Code    42  atof.o(i.atof)
    battery_charge_start_test                0x080064d5   Thumb Code    66  main.o(i.battery_charge_start_test)
    battery_update                           0x08006521   Thumb Code   162  main.o(i.battery_update)
    cJSON_AddItemToArray                     0x080065e1   Thumb Code    48  cjson.o(i.cJSON_AddItemToArray)
    cJSON_AddItemToObject                    0x08006611   Thumb Code    48  cjson.o(i.cJSON_AddItemToObject)
    cJSON_CreateNumber                       0x08006645   Thumb Code    38  cjson.o(i.cJSON_CreateNumber)
    cJSON_CreateObject                       0x0800666b   Thumb Code    20  cjson.o(i.cJSON_CreateObject)
    cJSON_CreateString                       0x0800667f   Thumb Code    30  cjson.o(i.cJSON_CreateString)
    cJSON_Delete                             0x0800669d   Thumb Code    88  cjson.o(i.cJSON_Delete)
    cJSON_GetObjectItem                      0x080066f9   Thumb Code    32  cjson.o(i.cJSON_GetObjectItem)
    cJSON_Parse                              0x08006739   Thumb Code    16  cjson.o(i.cJSON_Parse)
    cJSON_ParseWithOpts                      0x08006749   Thumb Code   104  cjson.o(i.cJSON_ParseWithOpts)
    cJSON_PrintUnformatted                   0x080067b5   Thumb Code    16  cjson.o(i.cJSON_PrintUnformatted)
    check_sleep                              0x08006881   Thumb Code    58  main.o(i.check_sleep)
    consoleStuff                             0x080068d1   Thumb Code    60  main.o(i.consoleStuff)
    console_addListener                      0x0800691d   Thumb Code    36  console.o(i.console_addListener)
    console_clearAllCommand                  0x08006941   Thumb Code    46  console.o(i.console_clearAllCommand)
    console_deleteCommand                    0x0800696f   Thumb Code    44  console.o(i.console_deleteCommand)
    console_getCommandOut                    0x0800699b   Thumb Code    56  console.o(i.console_getCommandOut)
    console_init                             0x080069d5   Thumb Code    74  console.o(i.console_init)
    console_printf                           0x08006a25   Thumb Code    48  console.o(i.console_printf)
    console_run                              0x08006a55   Thumb Code    56  console.o(i.console_run)
    console_tick                             0x08006a91   Thumb Code   216  console.o(i.console_tick)
    delayCall_call                           0x08006b8d   Thumb Code    74  delaycall.o(i.delayCall_call)
    delayCall_run                            0x08006bdd   Thumb Code    18  delaycall.o(i.delayCall_run)
    delayCall_tick                           0x08006bf5   Thumb Code    28  delaycall.o(i.delayCall_tick)
    disable_pm2d5                            0x08006c15   Thumb Code    16  main.o(i.disable_pm2d5)
    do_sleep                                 0x08006c25   Thumb Code   104  main.o(i.do_sleep)
    enable_pm2d5                             0x08006c95   Thumb Code    16  main.o(i.enable_pm2d5)
    factoryMode                              0x08006ce9   Thumb Code    54  main.o(i.factoryMode)
    factorySetAPN                            0x08006d39   Thumb Code   288  main.o(i.factorySetAPN)
    factorySetUid                            0x08006e6d   Thumb Code   302  main.o(i.factorySetUid)
    feedExdog                                0x08006fb9   Thumb Code    12  main.o(i.feedExdog)
    floor                                    0x08006fc9   Thumb Code   180  floor.o(i.floor)
    fmax                                     0x08007091   Thumb Code    56  fmax.o(i.fmax)
    fmin                                     0x080070cd   Thumb Code    56  fmin.o(i.fmin)
    fpe_init                                 0x08007109   Thumb Code    26  fpe.o(i.fpe_init)
    fpe_read                                 0x0800712d   Thumb Code    30  fpe.o(i.fpe_read)
    fpe_readOr                               0x0800714b   Thumb Code    44  fpe.o(i.fpe_readOr)
    fpe_readString                           0x08007177   Thumb Code   106  fpe.o(i.fpe_readString)
    fpe_write                                0x080071e1   Thumb Code    76  fpe.o(i.fpe_write)
    fpe_writeString                          0x08007235   Thumb Code   152  fpe.o(i.fpe_writeString)
    fputc                                    0x080072d5   Thumb Code    40  sim808.o(i.fputc)
    free                                     0x08007301   Thumb Code    80  malloc.o(i.free)
    getThreadGroup                           0x08007399   Thumb Code    28  thread.o(i.getThreadGroup)
    gps_info_sort                            0x080073ed   Thumb Code   118  sim808.o(i.gps_info_sort)
    hts221_init                              0x080074d5   Thumb Code   244  main.o(i.hts221_init)
    loadFlashData                            0x080076cd   Thumb Code   174  main.o(i.loadFlashData)
    main                                     0x08007785   Thumb Code   598  main.o(i.main)
    mainThread                               0x08007aa1   Thumb Code   564  main.o(i.mainThread)
    malloc                                   0x08007d89   Thumb Code    92  malloc.o(i.malloc)
    optData2Usart2                           0x08007e11   Thumb Code   382  main.o(i.optData2Usart2)
    pm25_update                              0x08008865   Thumb Code   326  main.o(i.pm25_update)
    pow                                      0x08008a3d   Thumb Code  2548  pow.o(i.pow)
    readFocus                                0x08009bf9   Thumb Code    62  sim808.o(i.readFocus)
    receiveData                              0x08009d31   Thumb Code   106  sim808.o(i.receiveData)
    reset                                    0x08009e3d   Thumb Code    48  main.o(i.reset)
    sim808_GetDeviceId                       0x08009ef1   Thumb Code   196  sim808.o(i.sim808_GetDeviceId)
    sim808_GetInfo                           0x08009fd5   Thumb Code    16  sim808.o(i.sim808_GetInfo)
    sim808_HandleResponse                    0x08009fe9   Thumb Code   144  main.o(i.sim808_HandleResponse)
    sim808_SetGpsInfo                        0x0800a0ad   Thumb Code    40  sim808.o(i.sim808_SetGpsInfo)
    sim808_UpdateGPRSStatus                  0x0800a0d9   Thumb Code   296  sim808.o(i.sim808_UpdateGPRSStatus)
    sim808_UpdateGPS                         0x0800a271   Thumb Code   364  main.o(i.sim808_UpdateGPS)
    sim808_UpdateGPSStatus                   0x0800a3fd   Thumb Code   174  sim808.o(i.sim808_UpdateGPSStatus)
    sim808_UpdateGSMStatus                   0x0800a4d1   Thumb Code   118  sim808.o(i.sim808_UpdateGSMStatus)
    sim808_UpdateInfo                        0x0800a57d   Thumb Code    62  sim808.o(i.sim808_UpdateInfo)
    sim808_UpdateStatus                      0x0800a5c5   Thumb Code    16  sim808.o(i.sim808_UpdateStatus)
    sim808_connectUDP                        0x0800a5d5   Thumb Code    74  sim808.o(i.sim808_connectUDP)
    sim808_deinit                            0x0800a645   Thumb Code     8  sim808.o(i.sim808_deinit)
    sim808_getReceiveString                  0x0800a64d   Thumb Code    12  sim808.o(i.sim808_getReceiveString)
    sim808_init                              0x0800a65d   Thumb Code    14  sim808.o(i.sim808_init)
    sim808_run                               0x0800a671   Thumb Code    40  sim808.o(i.sim808_run)
    sim808_smart                             0x0800a6a5   Thumb Code    36  sim808.o(i.sim808_smart)
    sim808_smartStop                         0x0800a6d1   Thumb Code    30  sim808.o(i.sim808_smartStop)
    sim808_udp                               0x0800a705   Thumb Code   106  sim808.o(i.sim808_udp)
    smart                                    0x0800a7a1   Thumb Code    84  sim808.o(i.smart)
    smartInfo                                0x0800a80d   Thumb Code   304  sim808.o(i.smartInfo)
    sqrt                                     0x0800a9a1   Thumb Code    66  sqrt.o(i.sqrt)
    startAlarm                               0x0800a9e9   Thumb Code   132  main.o(i.startAlarm)
    statusChanged                            0x0800aa71   Thumb Code   178  sim808.o(i.statusChanged)
    th_check_end                             0x0800ac21   Thumb Code   532  main.o(i.th_check_end)
    th_update                                0x0800ae65   Thumb Code    42  main.o(i.th_update)
    thread_add                               0x0800ae9d   Thumb Code    74  thread.o(i.thread_add)
    thread_init                              0x0800aee9   Thumb Code    48  thread.o(i.thread_init)
    thread_quickAdd                          0x0800af1d   Thumb Code    60  thread.o(i.thread_quickAdd)
    thread_remove                            0x0800af59   Thumb Code    66  thread.o(i.thread_remove)
    thread_run                               0x0800af9d   Thumb Code    94  thread.o(i.thread_run)
    tick_add                                 0x0800b001   Thumb Code    24  tick.o(i.tick_add)
    tick_init                                0x0800b019   Thumb Code    26  tick.o(i.tick_init)
    tick_start                               0x0800b045   Thumb Code     8  tick.o(i.tick_start)
    waitUntilBlankLine                       0x0800b0f1   Thumb Code   104  sim808.o(i.waitUntilBlankLine)
    waitUntilOk                              0x0800b161   Thumb Code   154  sim808.o(i.waitUntilOk)
    waitUntilRxStopped                       0x0800b225   Thumb Code    90  sim808.o(i.waitUntilRxStopped)
    aAPBAHBPrescTable                        0x0800b2e0   Data          16  stm32f0xx_hal_rcc.o(.constdata)
    __mathlib_zero                           0x0800b380   Data           8  qnan.o(.constdata)
    __ctype_table                            0x0800b388   Data         129  ctype_o.o(.constdata)
    Region$$Table$$Base                      0x0800b430   Number         0  anon$$obj.o(Region$$Table)
    Region$$Table$$Limit                     0x0800b450   Number         0  anon$$obj.o(Region$$Table)
    SystemCoreClock                          0x20000000   Data           4  system_stm32f0xx.o(.data)
    AHBPrescTable                            0x20000004   Data          16  system_stm32f0xx.o(.data)
    g_main_dustBuffer                        0x20000018   Data           8  main.o(.data)
    g_main_start_battery_voltage             0x20000020   Data           4  main.o(.data)
    g_main_end_battery_voltage               0x20000024   Data           4  main.o(.data)
    g_main_battery_voltage                   0x20000028   Data           4  main.o(.data)
    g_main_charge_flag                       0x2000002c   Data           4  main.o(.data)
    defaultId                                0x20000030   Data           3  main.o(.data)
    g_main_uid                               0x20000033   Data           8  main.o(.data)
    g_main_uid_suffix                        0x2000003b   Data           5  main.o(.data)
    g_main_setApnMask                        0x20000040   Data           1  main.o(.data)
    g_main_gps_updated                       0x20000041   Data           1  main.o(.data)
    g_main_pm25_stable                       0x20000042   Data           1  main.o(.data)
    g_main_startSleep                        0x20000043   Data           1  main.o(.data)
    g_main_sim808_inited                     0x20000044   Data           1  main.o(.data)
    g_main_gps_got                           0x20000045   Data           1  main.o(.data)
    g_main_http_action_got                   0x20000046   Data           1  main.o(.data)
    g_main_http_action_done                  0x20000047   Data           1  main.o(.data)
    g_main_udpAddressDefault                 0x20000048   Data           4  main.o(.data)
    g_main_udpAddress                        0x2000004c   Data           4  main.o(.data)
    g_main_udpPortDefault                    0x20000050   Data           2  main.o(.data)
    g_main_udpPort                           0x20000052   Data           2  main.o(.data)
    g_main_uploadDataInterval                0x20000054   Data           4  main.o(.data)
    g_flashStored_Info                       0x20000058   Data          48  main.o(.data)
    g_main_temperature                       0x20000088   Data           4  main.o(.data)
    g_main_humidity                          0x2000008c   Data           4  main.o(.data)
    g_main_pm25                              0x20000090   Data           4  main.o(.data)
    g_main_uploadTime                        0x20000094   Data           4  main.o(.data)
    g_main_factoryMode                       0x20000098   Data           1  main.o(.data)
    g_mainConsole                            0x2000009c   Data           4  main.o(.data)
    test_js                                  0x200000a0   Data           4  main.o(.data)
    g_main_adc_cplt                          0x200000a4   Data           1  main.o(.data)
    g_console_start                          0x200000b4   Data           4  console.o(.data)
    g_console_headString                     0x200000b8   Data           4  console.o(.data)
    g_delay_tick                             0x200000bc   Data           4  delaycall.o(.data)
    g_fpe_page1                              0x200000c0   Data           4  fpe.o(.data)
    g_fpe_page2                              0x200000c4   Data           4  fpe.o(.data)
    g_thread_start                           0x200000c8   Data           4  thread.o(.data)
    g_tick_tick                              0x200000cc   Data           4  tick.o(.data)
    g_tick_htim                              0x200000d0   Data           4  tick.o(.data)
    g_tick_start                             0x200000d4   Data           1  tick.o(.data)
    g_sim808_huart                           0x200000d8   Data           4  sim808.o(.data)
    g_sim808_dmaRemain                       0x200000dc   Data           4  sim808.o(.data)
    g_sim808_bufferIndex                     0x200000e2   Data           2  sim808.o(.data)
    g_sim808_status                          0x200000e4   Data           1  sim808.o(.data)
    g_sim808_smartTick                       0x200000e8   Data           4  sim808.o(.data)
    g_sim808_pairTick                        0x200000ec   Data           4  sim808.o(.data)
    g_sim808_pairTodo                        0x200000f0   Data           1  sim808.o(.data)
    g_sim808_isAtMode                        0x200000f1   Data           1  sim808.o(.data)
    g_sim808_resetTick                       0x200000f4   Data           4  sim808.o(.data)
    g_sim808_smartStarted                    0x200000f8   Data           1  sim808.o(.data)
    g_sim808_receiveString                   0x200000fc   Data           4  sim808.o(.data)
    g_sim808_ssidString                      0x20000100   Data           4  sim808.o(.data)
    g_sim808_passwordString                  0x20000104   Data           4  sim808.o(.data)
    g_sim808_smartFirstReceived              0x20000108   Data           4  sim808.o(.data)
    g_sim808_smartSsidAndPasswordReceived    0x2000010c   Data           4  sim808.o(.data)
    g_sim808_responseJson                    0x20000110   Data           4  sim808.o(.data)
    g_sim808_focus                           0x20000114   Data          12  sim808.o(.data)
    PADDING                                  0x20000130   Data          64  md5.o(.data)
    __stdout                                 0x20000174   Data           4  stdout.o(.data)
    __microlib_freelist                      0x20000178   Data           4  mvars.o(.data)
    __microlib_freelist_initialised          0x2000017c   Data           4  mvars.o(.data)
    pFlash                                   0x20000188   Data          32  stm32f0xx_hal_flash.o(.bss)
    htim1                                    0x200001a8   Data          60  tim.o(.bss)
    g_main_consoleBuffer                     0x200001e4   Data         256  main.o(.bss)
    g_main_cmdBuffer                         0x200002e4   Data          64  main.o(.bss)
    deviceId                                 0x20000324   Data          48  main.o(.bss)
    g_main_apn                               0x20000354   Data          17  main.o(.bss)
    g_main_user                              0x20000365   Data          17  main.o(.bss)
    g_main_pass                              0x20000376   Data          17  main.o(.bss)
    hts221_var                               0x20000388   Data          18  main.o(.bss)
    hadc                                     0x2000039c   Data          76  adc.o(.bss)
    hdma_adc                                 0x200003e8   Data          56  adc.o(.bss)
    hi2c2                                    0x20000420   Data          60  i2c.o(.bss)
    hrtc                                     0x2000045c   Data          32  rtc.o(.bss)
    huart1                                   0x2000047c   Data         112  usart.o(.bss)
    huart2                                   0x200004ec   Data         112  usart.o(.bss)
    hdma_usart1_rx                           0x2000055c   Data          56  usart.o(.bss)
    hdma_usart2_rx                           0x20000594   Data          56  usart.o(.bss)
    g_sim808_buffer                          0x20000628   Data         256  sim808.o(.bss)
    __heap_base                              0x20000728   Data           0  startup_stm32f030x8.o(HEAP)
    __heap_limit                             0x20001728   Data           0  startup_stm32f030x8.o(HEAP)
    __initial_sp                             0x20001c28   Data           0  startup_stm32f030x8.o(STACK)



==============================================================================

Memory Map of the image

  Image Entry point : 0x080000b5

  Load Region LR_IROM1 (Base: 0x08000000, Size: 0x0000b5d4, Max: 0x00010000, ABSOLUTE, COMPRESSED[0x0000b49c])

    Execution Region ER_IROM1 (Base: 0x08000000, Size: 0x0000b450, Max: 0x00010000, ABSOLUTE)

    Base Addr    Size         Type   Attr      Idx    E Section Name        Object

    0x08000000   0x000000b4   Data   RO         2922    RESET               startup_stm32f030x8.o
    0x080000b4   0x00000000   Code   RO         4836  * .ARM.Collect$$$$00000000  mc_p.l(entry.o)
    0x080000b4   0x00000004   Code   RO         5227    .ARM.Collect$$$$00000001  mc_p.l(entry2.o)
    0x080000b8   0x00000004   Code   RO         5230    .ARM.Collect$$$$00000004  mc_p.l(entry5.o)
    0x080000bc   0x00000000   Code   RO         5232    .ARM.Collect$$$$00000008  mc_p.l(entry7b.o)
    0x080000bc   0x00000000   Code   RO         5234    .ARM.Collect$$$$0000000A  mc_p.l(entry8b.o)
    0x080000bc   0x00000008   Code   RO         5235    .ARM.Collect$$$$0000000B  mc_p.l(entry9a.o)
    0x080000c4   0x00000000   Code   RO         5237    .ARM.Collect$$$$0000000D  mc_p.l(entry10a.o)
    0x080000c4   0x00000000   Code   RO         5239    .ARM.Collect$$$$0000000F  mc_p.l(entry11a.o)
    0x080000c4   0x00000004   Code   RO         5228    .ARM.Collect$$$$00002712  mc_p.l(entry2.o)
    0x080000c8   0x0000001c   Code   RO         2923    .text               startup_stm32f030x8.o
    0x080000e4   0x0000002c   Code   RO         4839    .text               mc_p.l(uidiv.o)
    0x08000110   0x00000022   Code   RO         4841    .text               mc_p.l(llushr.o)
    0x08000132   0x0000000c   Code   RO         4843    .text               mc_p.l(tolower.o)
    0x0800013e   0x00000024   Code   RO         4845    .text               mc_p.l(memcpya.o)
    0x08000162   0x00000024   Code   RO         4847    .text               mc_p.l(memseta.o)
    0x08000186   0x00000028   Code   RO         4849    .text               mc_p.l(strstr.o)
    0x080001ae   0x0000001a   Code   RO         4851    .text               mc_p.l(strncpy.o)
    0x080001c8   0x00000014   Code   RO         4853    .text               mc_p.l(strchr.o)
    0x080001dc   0x0000000e   Code   RO         4855    .text               mc_p.l(strlen.o)
    0x080001ea   0x0000001c   Code   RO         4857    .text               mc_p.l(strcmp.o)
    0x08000206   0x00000012   Code   RO         4859    .text               mc_p.l(strcpy.o)
    0x08000218   0x0000001e   Code   RO         4861    .text               mc_p.l(strncmp.o)
    0x08000236   0x00000002   PAD
    0x08000238   0x00000048   Code   RO         4863    .text               mc_p.l(strtok.o)
    0x08000280   0x00000026   Code   RO         4871    .text               mc_p.l(strcasecmp.o)
    0x080002a6   0x0000002e   Code   RO         4873    .text               mc_p.l(strncasecmp.o)
    0x080002d4   0x0000001a   Code   RO         5164    .text               mc_p.l(atoi.o)
    0x080002ee   0x0000001a   Code   RO         5166    .text               mc_p.l(atol.o)
    0x08000308   0x000000b2   Code   RO         5168    .text               mf_p.l(fadd.o)
    0x080003ba   0x0000007c   Code   RO         5170    .text               mf_p.l(fdiv.o)
    0x08000436   0x00000002   PAD
    0x08000438   0x00000164   Code   RO         5172    .text               mf_p.l(dadd.o)
    0x0800059c   0x000000d0   Code   RO         5174    .text               mf_p.l(dmul.o)
    0x0800066c   0x000000f0   Code   RO         5176    .text               mf_p.l(ddiv.o)
    0x0800075c   0x00000016   Code   RO         5178    .text               mf_p.l(fflti.o)
    0x08000772   0x00000002   PAD
    0x08000774   0x00000028   Code   RO         5180    .text               mf_p.l(dflti.o)
    0x0800079c   0x0000001c   Code   RO         5182    .text               mf_p.l(dfltui.o)
    0x080007b8   0x00000048   Code   RO         5184    .text               mf_p.l(dfixi.o)
    0x08000800   0x0000003c   Code   RO         5186    .text               mf_p.l(dfixui.o)
    0x0800083c   0x00000028   Code   RO         5188    .text               mf_p.l(f2d.o)
    0x08000864   0x00000028   Code   RO         5190    .text               mf_p.l(cdcmple.o)
    0x0800088c   0x00000028   Code   RO         5192    .text               mf_p.l(cdrcmple.o)
    0x080008b4   0x00000038   Code   RO         5194    .text               mf_p.l(d2f.o)
    0x080008ec   0x00000014   Code   RO         5196    .text               mf_p.l(cfcmple.o)
    0x08000900   0x00000014   Code   RO         5198    .text               mf_p.l(cfrcmple.o)
    0x08000914   0x00000060   Code   RO         5242    .text               mc_p.l(uldiv.o)
    0x08000974   0x00000020   Code   RO         5244    .text               mc_p.l(llshl.o)
    0x08000994   0x00000026   Code   RO         5246    .text               mc_p.l(llsshr.o)
    0x080009ba   0x00000002   PAD
    0x080009bc   0x000000a4   Code   RO         5257    .text               mc_p.l(strtod.o)
    0x08000a60   0x00000070   Code   RO         5259    .text               mc_p.l(strtol.o)
    0x08000ad0   0x00000000   Code   RO         5261    .text               mc_p.l(iusefp.o)
    0x08000ad0   0x00000082   Code   RO         5262    .text               mf_p.l(fepilogue.o)
    0x08000b52   0x000000be   Code   RO         5264    .text               mf_p.l(depilogue.o)
    0x08000c10   0x0000002c   Code   RO         5268    .text               mf_p.l(dscalb.o)
    0x08000c3c   0x00000040   Code   RO         5270    .text               mf_p.l(dfixul.o)
    0x08000c7c   0x00000060   Code   RO         5272    .text               mf_p.l(dcmp4.o)
    0x08000cdc   0x00000024   Code   RO         5274    .text               mc_p.l(init.o)
    0x08000d00   0x00000008   Code   RO         5278    .text               mc_p.l(ctype_o.o)
    0x08000d08   0x00000012   Code   RO         5300    .text               mc_p.l(isspace_o.o)
    0x08000d1a   0x00000002   PAD
    0x08000d1c   0x0000034c   Code   RO         5306    .text               mc_p.l(scanf_fp.o)
    0x08001068   0x00000044   Code   RO         5310    .text               mc_p.l(_sgetc.o)
    0x080010ac   0x000000a6   Code   RO         5312    .text               mc_p.l(_strtoul.o)
    0x08001152   0x000000a2   Code   RO         5314    .text               mf_p.l(dsqrt.o)
    0x080011f4   0x0000007a   Code   RO         5316    .text               mc_p.l(llmul.o)
    0x0800126e   0x0000001e   Code   RO         5321    .text               mc_p.l(_chval.o)
    0x0800128c   0x0000001c   Code   RO         5323    .text               mf_p.l(dfltul.o)
    0x080012a8   0x00000056   Code   RO         5333    .text               mc_p.l(__dczerorl2.o)
    0x080012fe   0x00000086   Code   RO          136    i.ADC_DMAConvCplt   stm32f0xx_hal_adc.o
    0x08001384   0x0000001e   Code   RO          137    i.ADC_DMAError      stm32f0xx_hal_adc.o
    0x080013a2   0x0000000e   Code   RO          138    i.ADC_DMAHalfConvCplt  stm32f0xx_hal_adc.o
    0x080013b0   0x000000d4   Code   RO          140    i.ADC_Enable        stm32f0xx_hal_adc.o
    0x08001484   0x00000014   Code   RO         3454    i.DMA1_Channel1_IRQHandler  stm32f0xx_it.o
    0x08001498   0x00000014   Code   RO         3455    i.DMA1_Channel2_3_IRQHandler  stm32f0xx_it.o
    0x080014ac   0x00000014   Code   RO         3456    i.DMA1_Channel4_5_IRQHandler  stm32f0xx_it.o
    0x080014c0   0x00000020   Code   RO         2105    i.DMA_SetConfig     stm32f0xx_hal_dma.o
    0x080014e0   0x00000028   Code   RO         2009    i.FLASH_MassErase   stm32f0xx_hal_flash_ex.o
    0x08001508   0x0000002c   Code   RO         2018    i.FLASH_PageErase   stm32f0xx_hal_flash_ex.o
    0x08001534   0x00000020   Code   RO         2518    i.FLASH_Program_HalfWord  stm32f0xx_hal_flash.o
    0x08001554   0x00000040   Code   RO         2519    i.FLASH_SetErrorCode  stm32f0xx_hal_flash.o
    0x08001594   0x00000068   Code   RO         2520    i.FLASH_WaitForLastOperation  stm32f0xx_hal_flash.o
    0x080015fc   0x000000c2   Code   RO         1989    i.HAL_ADCEx_Calibration_Start  stm32f0xx_hal_adc_ex.o
    0x080016be   0x00000002   PAD
    0x080016c0   0x00000184   Code   RO          142    i.HAL_ADC_ConfigChannel  stm32f0xx_hal_adc.o
    0x08001844   0x0000000c   Code   RO         2952    i.HAL_ADC_ConvCpltCallback  main.o
    0x08001850   0x00000002   Code   RO          144    i.HAL_ADC_ConvHalfCpltCallback  stm32f0xx_hal_adc.o
    0x08001852   0x00000002   Code   RO          146    i.HAL_ADC_ErrorCallback  stm32f0xx_hal_adc.o
    0x08001854   0x000001b0   Code   RO          151    i.HAL_ADC_Init      stm32f0xx_hal_adc.o
    0x08001a04   0x00000098   Code   RO         3277    i.HAL_ADC_MspInit   adc.o
    0x08001a9c   0x000000c0   Code   RO          158    i.HAL_ADC_Start_DMA  stm32f0xx_hal_adc.o
    0x08001b5c   0x00000064   Code   RO         2106    i.HAL_DMA_Abort     stm32f0xx_hal_dma.o
    0x08001bc0   0x00000264   Code   RO         2110    i.HAL_DMA_IRQHandler  stm32f0xx_hal_dma.o
    0x08001e24   0x0000005c   Code   RO         2111    i.HAL_DMA_Init      stm32f0xx_hal_dma.o
    0x08001e80   0x00000072   Code   RO         2114    i.HAL_DMA_Start_IT  stm32f0xx_hal_dma.o
    0x08001ef2   0x0000001a   Code   RO         1469    i.HAL_Delay         stm32f0xx_hal.o
    0x08001f0c   0x000000ac   Code   RO         2019    i.HAL_FLASHEx_Erase  stm32f0xx_hal_flash_ex.o
    0x08001fb8   0x00000014   Code   RO         2524    i.HAL_FLASH_Lock    stm32f0xx_hal_flash.o
    0x08001fcc   0x000000bc   Code   RO         2529    i.HAL_FLASH_Program  stm32f0xx_hal_flash.o
    0x08002088   0x0000002c   Code   RO         2531    i.HAL_FLASH_Unlock  stm32f0xx_hal_flash.o
    0x080020b4   0x000001f0   Code   RO         2213    i.HAL_GPIO_Init     stm32f0xx_hal_gpio.o
    0x080022a4   0x00000008   Code   RO         2216    i.HAL_GPIO_TogglePin  stm32f0xx_hal_gpio.o
    0x080022ac   0x0000000c   Code   RO         2217    i.HAL_GPIO_WritePin  stm32f0xx_hal_gpio.o
    0x080022b8   0x0000000c   Code   RO         1473    i.HAL_GetTick       stm32f0xx_hal.o
    0x080022c4   0x0000008e   Code   RO          449    i.HAL_I2CEx_ConfigAnalogFilter  stm32f0xx_hal_i2c_ex.o
    0x08002352   0x00000002   PAD
    0x08002354   0x000000c4   Code   RO         1588    i.HAL_I2C_Init      stm32f0xx_hal_i2c.o
    0x08002418   0x00000144   Code   RO         1592    i.HAL_I2C_Master_Receive  stm32f0xx_hal_i2c.o
    0x0800255c   0x00000158   Code   RO         1595    i.HAL_I2C_Master_Transmit  stm32f0xx_hal_i2c.o
    0x080026b4   0x00000188   Code   RO         1603    i.HAL_I2C_Mem_Write  stm32f0xx_hal_i2c.o
    0x0800283c   0x0000005c   Code   RO         3315    i.HAL_I2C_MspInit   i2c.o
    0x08002898   0x00000010   Code   RO         1474    i.HAL_IncTick       stm32f0xx_hal.o
    0x080028a8   0x00000020   Code   RO         1475    i.HAL_Init          stm32f0xx_hal.o
    0x080028c8   0x00000026   Code   RO         1476    i.HAL_InitTick      stm32f0xx_hal.o
    0x080028ee   0x00000002   PAD
    0x080028f0   0x00000030   Code   RO         3434    i.HAL_MspInit       stm32f0xx_hal_msp.o
    0x08002920   0x00000018   Code   RO         1895    i.HAL_NVIC_ClearPendingIRQ  stm32f0xx_hal_cortex.o
    0x08002938   0x00000018   Code   RO         1897    i.HAL_NVIC_EnableIRQ  stm32f0xx_hal_cortex.o
    0x08002950   0x00000012   Code   RO         1901    i.HAL_NVIC_SetPriority  stm32f0xx_hal_cortex.o
    0x08002962   0x00000002   PAD
    0x08002964   0x00000038   Code   RO         1902    i.HAL_NVIC_SystemReset  stm32f0xx_hal_cortex.o
    0x0800299c   0x00000014   Code   RO         2277    i.HAL_PWR_EnableBkUpAccess  stm32f0xx_hal_pwr.o
    0x080029b0   0x00000048   Code   RO         2283    i.HAL_PWR_EnterSTOPMode  stm32f0xx_hal_pwr.o
    0x080029f8   0x00000128   Code   RO         2180    i.HAL_RCCEx_PeriphCLKConfig  stm32f0xx_hal_rcc_ex.o
    0x08002b20   0x00000250   Code   RO          488    i.HAL_RCC_ClockConfig  stm32f0xx_hal_rcc.o
    0x08002d70   0x0000002c   Code   RO          493    i.HAL_RCC_GetHCLKFreq  stm32f0xx_hal_rcc.o
    0x08002d9c   0x00000024   Code   RO          495    i.HAL_RCC_GetPCLK1Freq  stm32f0xx_hal_rcc.o
    0x08002dc0   0x000000c4   Code   RO          496    i.HAL_RCC_GetSysClockFreq  stm32f0xx_hal_rcc.o
    0x08002e84   0x000005ac   Code   RO          499    i.HAL_RCC_OscConfig  stm32f0xx_hal_rcc.o
    0x08003430   0x00000002   Code   RO          315    i.HAL_RTC_AlarmAEventCallback  stm32f0xx_hal_rtc.o
    0x08003432   0x00000002   PAD
    0x08003434   0x0000004c   Code   RO          316    i.HAL_RTC_AlarmIRQHandler  stm32f0xx_hal_rtc.o
    0x08003480   0x000000bc   Code   RO          323    i.HAL_RTC_Init      stm32f0xx_hal_rtc.o
    0x0800353c   0x00000058   Code   RO         3353    i.HAL_RTC_MspInit   rtc.o
    0x08003594   0x000001b8   Code   RO          328    i.HAL_RTC_SetAlarm_IT  stm32f0xx_hal_rtc.o
    0x0800374c   0x0000011c   Code   RO          329    i.HAL_RTC_SetDate   stm32f0xx_hal_rtc.o
    0x08003868   0x00000144   Code   RO          330    i.HAL_RTC_SetTime   stm32f0xx_hal_rtc.o
    0x080039ac   0x0000003c   Code   RO          331    i.HAL_RTC_WaitForSynchro  stm32f0xx_hal_rtc.o
    0x080039e8   0x00000024   Code   RO         1903    i.HAL_SYSTICK_CLKSourceConfig  stm32f0xx_hal_cortex.o
    0x08003a0c   0x00000002   Code   RO         1904    i.HAL_SYSTICK_Callback  stm32f0xx_hal_cortex.o
    0x08003a0e   0x00000002   PAD
    0x08003a10   0x00000038   Code   RO         1905    i.HAL_SYSTICK_Config  stm32f0xx_hal_cortex.o
    0x08003a48   0x00000008   Code   RO         1906    i.HAL_SYSTICK_IRQHandler  stm32f0xx_hal_cortex.o
    0x08003a50   0x00000002   Code   RO         2649    i.HAL_TIMEx_BreakCallback  stm32f0xx_hal_tim_ex.o
    0x08003a52   0x00000002   Code   RO         2650    i.HAL_TIMEx_CommutationCallback  stm32f0xx_hal_tim_ex.o
    0x08003a54   0x00000062   Code   RO         2666    i.HAL_TIMEx_MasterConfigSynchronization  stm32f0xx_hal_tim_ex.o
    0x08003ab6   0x00000038   Code   RO          584    i.HAL_TIM_Base_Init  stm32f0xx_hal_tim.o
    0x08003aee   0x00000002   PAD
    0x08003af0   0x00000044   Code   RO         2885    i.HAL_TIM_Base_MspInit  tim.o
    0x08003b34   0x0000001e   Code   RO          589    i.HAL_TIM_Base_Start_IT  stm32f0xx_hal_tim.o
    0x08003b52   0x0000013e   Code   RO          593    i.HAL_TIM_ConfigClockSource  stm32f0xx_hal_tim.o
    0x08003c90   0x00000002   Code   RO          613    i.HAL_TIM_IC_CaptureCallback  stm32f0xx_hal_tim.o
    0x08003c92   0x000001c8   Code   RO          626    i.HAL_TIM_IRQHandler  stm32f0xx_hal_tim.o
    0x08003e5a   0x00000002   Code   RO          629    i.HAL_TIM_OC_DelayElapsedCallback  stm32f0xx_hal_tim.o
    0x08003e5c   0x00000002   Code   RO          656    i.HAL_TIM_PWM_PulseFinishedCallback  stm32f0xx_hal_tim.o
    0x08003e5e   0x00000002   PAD
    0x08003e60   0x0000003c   Code   RO         4351    i.HAL_TIM_PeriodElapsedCallback  tick.o
    0x08003e9c   0x00000002   Code   RO          667    i.HAL_TIM_TriggerCallback  stm32f0xx_hal_tim.o
    0x08003e9e   0x0000003e   Code   RO         1230    i.HAL_UART_DMAStop  stm32f0xx_hal_uart.o
    0x08003edc   0x00000002   Code   RO         1232    i.HAL_UART_ErrorCallback  stm32f0xx_hal_uart.o
    0x08003ede   0x00000082   Code   RO         1235    i.HAL_UART_Init     stm32f0xx_hal_uart.o
    0x08003f60   0x00000114   Code   RO         3391    i.HAL_UART_MspInit  usart.o
    0x08004074   0x000000ac   Code   RO         1239    i.HAL_UART_Receive_DMA  stm32f0xx_hal_uart.o
    0x08004120   0x00000002   Code   RO         1241    i.HAL_UART_RxCpltCallback  stm32f0xx_hal_uart.o
    0x08004122   0x00000002   Code   RO         1242    i.HAL_UART_RxHalfCpltCallback  stm32f0xx_hal_uart.o
    0x08004124   0x000000ee   Code   RO         1243    i.HAL_UART_Transmit  stm32f0xx_hal_uart.o
    0x08004212   0x00000002   PAD
    0x08004214   0x000000c0   Code   RO         1623    i.I2C_IsAcknowledgeFailed  stm32f0xx_hal_i2c.o
    0x080042d4   0x0000008a   Code   RO         1627    i.I2C_RequestMemoryWrite  stm32f0xx_hal_i2c.o
    0x0800435e   0x00000002   PAD
    0x08004360   0x00000030   Code   RO         1630    i.I2C_TransferConfig  stm32f0xx_hal_i2c.o
    0x08004390   0x000000aa   Code   RO         1631    i.I2C_WaitOnFlagUntilTimeout  stm32f0xx_hal_i2c.o
    0x0800443a   0x0000005c   Code   RO         1633    i.I2C_WaitOnSTOPFlagUntilTimeout  stm32f0xx_hal_i2c.o
    0x08004496   0x00000060   Code   RO         1634    i.I2C_WaitOnTXISFlagUntilTimeout  stm32f0xx_hal_i2c.o
    0x080044f6   0x00000002   PAD
    0x080044f8   0x00000044   Code   RO         2953    i.LoadId            main.o
    0x0800453c   0x00000032   Code   RO         4769    i.MD5Decode         md5.o
    0x0800456e   0x0000003e   Code   RO         4770    i.MD5Encode         md5.o
    0x080045ac   0x00000050   Code   RO         4771    i.MD5Final          md5.o
    0x080045fc   0x00000024   Code   RO         4772    i.MD5Init           md5.o
    0x08004620   0x0000086c   Code   RO         4773    i.MD5Transform      md5.o
    0x08004e8c   0x00000094   Code   RO         4774    i.MD5Update         md5.o
    0x08004f20   0x00000058   Code   RO         3278    i.MX_ADC_Init       adc.o
    0x08004f78   0x00000034   Code   RO         2929    i.MX_DMA_Init       dma.o
    0x08004fac   0x000000f0   Code   RO         3256    i.MX_GPIO_Init      gpio.o
    0x0800509c   0x0000003c   Code   RO         3316    i.MX_I2C2_Init      i2c.o
    0x080050d8   0x00000030   Code   RO         3354    i.MX_RTC_Init       rtc.o
    0x08005108   0x0000004c   Code   RO         2886    i.MX_TIM1_Init      tim.o
    0x08005154   0x0000003c   Code   RO         3392    i.MX_USART1_UART_Init  usart.o
    0x08005190   0x0000003c   Code   RO         3393    i.MX_USART2_UART_Init  usart.o
    0x080051cc   0x00000078   Code   RO         1907    i.NVIC_SetPriority  stm32f0xx_hal_cortex.o
    0x08005244   0x0000001a   Code   RO          332    i.RTC_Bcd2ToByte    stm32f0xx_hal_rtc.o
    0x0800525e   0x0000001a   Code   RO          333    i.RTC_ByteToBcd2    stm32f0xx_hal_rtc.o
    0x08005278   0x00000042   Code   RO          334    i.RTC_EnterInitMode  stm32f0xx_hal_rtc.o
    0x080052ba   0x00000002   PAD
    0x080052bc   0x00000014   Code   RO         3457    i.RTC_IRQHandler    stm32f0xx_it.o
    0x080052d0   0x0000000c   Code   RO         3458    i.SysTick_Handler   stm32f0xx_it.o
    0x080052dc   0x0000007c   Code   RO         2954    i.SystemClock_Config  main.o
    0x08005358   0x00000074   Code   RO            4    i.SystemInit        system_stm32f0xx.o
    0x080053cc   0x00000014   Code   RO         3459    i.TIM1_BRK_UP_TRG_COM_IRQHandler  stm32f0xx_it.o
    0x080053e0   0x00000094   Code   RO          668    i.TIM_Base_SetConfig  stm32f0xx_hal_tim.o
    0x08005474   0x0000001e   Code   RO          675    i.TIM_ETR_SetConfig  stm32f0xx_hal_tim.o
    0x08005492   0x0000001a   Code   RO          676    i.TIM_ITRx_SetConfig  stm32f0xx_hal_tim.o
    0x080054ac   0x00000036   Code   RO          682    i.TIM_TI1_ConfigInputStage  stm32f0xx_hal_tim.o
    0x080054e2   0x00000036   Code   RO          684    i.TIM_TI2_ConfigInputStage  stm32f0xx_hal_tim.o
    0x08005518   0x0000001c   Code   RO         2956    i.TransmitChar      main.o
    0x08005534   0x00000038   Code   RO         2958    i.TransmitHex       main.o
    0x0800556c   0x0000001e   Code   RO         2959    i.TransmitString    main.o
    0x0800558a   0x000000f0   Code   RO         1248    i.UART_AdvFeatureConfig  stm32f0xx_hal_uart.o
    0x0800567a   0x0000001a   Code   RO         1249    i.UART_CheckIdleState  stm32f0xx_hal_uart.o
    0x08005694   0x00000026   Code   RO         1250    i.UART_DMAError     stm32f0xx_hal_uart.o
    0x080056ba   0x00000042   Code   RO         1251    i.UART_DMAReceiveCplt  stm32f0xx_hal_uart.o
    0x080056fc   0x0000000e   Code   RO         1252    i.UART_DMARxHalfCplt  stm32f0xx_hal_uart.o
    0x0800570a   0x00000002   PAD
    0x0800570c   0x000001b8   Code   RO         1257    i.UART_SetConfig    stm32f0xx_hal_uart.o
    0x080058c4   0x000000fe   Code   RO         1259    i.UART_WaitOnFlagUntilTimeout  stm32f0xx_hal_uart.o
    0x080059c2   0x00000002   PAD
    0x080059c4   0x00000020   Code   RO         5108    i.__0printf         mc_p.l(printfa.o)
    0x080059e4   0x00000028   Code   RO         5110    i.__0sprintf        mc_p.l(printfa.o)
    0x08005a0c   0x00000024   Code   RO         5113    i.__0vsnprintf      mc_p.l(printfa.o)
    0x08005a30   0x0000002e   Code   RO         5266    i.__ARM_clz         mf_p.l(depilogue.o)
    0x08005a5e   0x0000001c   Code   RO         1214    i.__ARM_common_switch8  stm32f0xx_hal_tim.o
    0x08005a7a   0x00000002   PAD
    0x08005a7c   0x0000002c   Code   RO         5214    i.__ARM_fpclassify  m_ps.l(fpclassify.o)
    0x08005aa8   0x00000008   Code   RO         5250    i.__aeabi_errno_addr  mc_p.l(errno.o)
    0x08005ab0   0x000000ac   Code   RO         5216    i.__kernel_poly     m_ps.l(poly.o)
    0x08005b5c   0x00000014   Code   RO         5200    i.__mathlib_dbl_divzero  m_ps.l(dunder.o)
    0x08005b70   0x00000008   Code   RO         5202    i.__mathlib_dbl_infnan2  m_ps.l(dunder.o)
    0x08005b78   0x00000010   Code   RO         5203    i.__mathlib_dbl_invalid  m_ps.l(dunder.o)
    0x08005b88   0x00000014   Code   RO         5204    i.__mathlib_dbl_overflow  m_ps.l(dunder.o)
    0x08005b9c   0x00000014   Code   RO         5206    i.__mathlib_dbl_underflow  m_ps.l(dunder.o)
    0x08005bb0   0x0000000c   Code   RO         5251    i.__read_errno      mc_p.l(errno.o)
    0x08005bbc   0x0000000e   Code   RO         5327    i.__scatterload_copy  mc_p.l(handlers.o)
    0x08005bca   0x00000002   Code   RO         5328    i.__scatterload_null  mc_p.l(handlers.o)
    0x08005bcc   0x0000000e   Code   RO         5329    i.__scatterload_zeroinit  mc_p.l(handlers.o)
    0x08005bda   0x00000002   PAD
    0x08005bdc   0x0000000c   Code   RO         5252    i.__set_errno       mc_p.l(errno.o)
    0x08005be8   0x00000158   Code   RO         5115    i._fp_digits        mc_p.l(printfa.o)
    0x08005d40   0x0000000e   Code   RO         5308    i._is_digit         mc_p.l(scanf_fp.o)
    0x08005d4e   0x00000002   PAD
    0x08005d50   0x000006ec   Code   RO         5116    i._printf_core      mc_p.l(printfa.o)
    0x0800643c   0x00000020   Code   RO         5117    i._printf_post_padding  mc_p.l(printfa.o)
    0x0800645c   0x0000002c   Code   RO         5118    i._printf_pre_padding  mc_p.l(printfa.o)
    0x08006488   0x00000016   Code   RO         5119    i._snputc           mc_p.l(printfa.o)
    0x0800649e   0x0000000a   Code   RO         5120    i._sputc            mc_p.l(printfa.o)
    0x080064a8   0x0000002a   Code   RO         4815    i.atof              m_ps.l(atof.o)
    0x080064d2   0x00000002   PAD
    0x080064d4   0x0000004c   Code   RO         2960    i.battery_charge_start_test  main.o
    0x08006520   0x000000c0   Code   RO         2961    i.battery_update    main.o
    0x080065e0   0x00000030   Code   RO         3578    i.cJSON_AddItemToArray  cjson.o
    0x08006610   0x00000034   Code   RO         3579    i.cJSON_AddItemToObject  cjson.o
    0x08006644   0x00000026   Code   RO         3587    i.cJSON_CreateNumber  cjson.o
    0x0800666a   0x00000014   Code   RO         3588    i.cJSON_CreateObject  cjson.o
    0x0800667e   0x0000001e   Code   RO         3589    i.cJSON_CreateString  cjson.o
    0x0800669c   0x0000005c   Code   RO         3592    i.cJSON_Delete      cjson.o
    0x080066f8   0x00000020   Code   RO         3601    i.cJSON_GetObjectItem  cjson.o
    0x08006718   0x00000020   Code   RO         3604    i.cJSON_New_Item    cjson.o
    0x08006738   0x00000010   Code   RO         3605    i.cJSON_Parse       cjson.o
    0x08006748   0x0000006c   Code   RO         3606    i.cJSON_ParseWithOpts  cjson.o
    0x080067b4   0x00000010   Code   RO         3608    i.cJSON_PrintUnformatted  cjson.o
    0x080067c4   0x00000050   Code   RO         3611    i.cJSON_strcasecmp  cjson.o
    0x08006814   0x0000002c   Code   RO         3612    i.cJSON_strdup      cjson.o
    0x08006840   0x00000040   Code   RO         4402    i.checkNewLine      sim808.o
    0x08006880   0x00000050   Code   RO         2962    i.check_sleep       main.o
    0x080068d0   0x0000004c   Code   RO         2963    i.consoleStuff      main.o
    0x0800691c   0x00000024   Code   RO         3903    i.console_addListener  console.o
    0x08006940   0x0000002e   Code   RO         3904    i.console_clearAllCommand  console.o
    0x0800696e   0x0000002c   Code   RO         3906    i.console_deleteCommand  console.o
    0x0800699a   0x00000038   Code   RO         3908    i.console_getCommandOut  console.o
    0x080069d2   0x00000002   PAD
    0x080069d4   0x00000050   Code   RO         3909    i.console_init      console.o
    0x08006a24   0x00000030   Code   RO         3911    i.console_printf    console.o
    0x08006a54   0x0000003c   Code   RO         3912    i.console_run       console.o
    0x08006a90   0x000000fc   Code   RO         3913    i.console_tick      console.o
    0x08006b8c   0x00000050   Code   RO         4042    i.delayCall_call    delaycall.o
    0x08006bdc   0x00000018   Code   RO         4043    i.delayCall_run     delaycall.o
    0x08006bf4   0x00000020   Code   RO         4044    i.delayCall_tick    delaycall.o
    0x08006c14   0x00000010   Code   RO         2964    i.disable_pm2d5     main.o
    0x08006c24   0x00000070   Code   RO         2965    i.do_sleep          main.o
    0x08006c94   0x00000010   Code   RO         2966    i.enable_pm2d5      main.o
    0x08006ca4   0x00000044   Code   RO         4281    i.execute           thread.o
    0x08006ce8   0x00000050   Code   RO         2967    i.factoryMode       main.o
    0x08006d38   0x00000134   Code   RO         2968    i.factorySetAPN     main.o
    0x08006e6c   0x0000014c   Code   RO         2969    i.factorySetUid     main.o
    0x08006fb8   0x00000010   Code   RO         2970    i.feedExdog         main.o
    0x08006fc8   0x000000c8   Code   RO         4819    i.floor             m_ps.l(floor.o)
    0x08007090   0x0000003c   Code   RO         4822    i.fmax              m_ps.l(fmax.o)
    0x080070cc   0x0000003c   Code   RO         4834    i.fmin              m_ps.l(fmin.o)
    0x08007108   0x00000024   Code   RO         4074    i.fpe_init          fpe.o
    0x0800712c   0x0000001e   Code   RO         4075    i.fpe_read          fpe.o
    0x0800714a   0x0000002c   Code   RO         4076    i.fpe_readOr        fpe.o
    0x08007176   0x0000006a   Code   RO         4077    i.fpe_readString    fpe.o
    0x080071e0   0x00000054   Code   RO         4078    i.fpe_write         fpe.o
    0x08007234   0x000000a0   Code   RO         4079    i.fpe_writeString   fpe.o
    0x080072d4   0x0000002c   Code   RO         4404    i.fputc             sim808.o
    0x08007300   0x00000054   Code   RO         5136    i.free              mc_p.l(malloc.o)
    0x08007354   0x00000020   Code   RO         4080    i.getCurrenPage     fpe.o
    0x08007374   0x00000022   Code   RO         4081    i.getFirstFreeOffset  fpe.o
    0x08007396   0x00000002   PAD
    0x08007398   0x00000020   Code   RO         4282    i.getThreadGroup    thread.o
    0x080073b8   0x00000008   Code   RO         4407    i.getTick           sim808.o
    0x080073c0   0x00000018   Code   RO         3914    i.getWriteIndex     console.o
    0x080073d8   0x00000014   Code   RO         4408    i.getWriteIndex     sim808.o
    0x080073ec   0x00000080   Code   RO         4409    i.gps_info_sort     sim808.o
    0x0800746c   0x00000040   Code   RO         3915    i.hasNewLine        console.o
    0x080074ac   0x00000014   Code   RO         2971    i.hts221_disable    main.o
    0x080074c0   0x00000014   Code   RO         2972    i.hts221_enable     main.o
    0x080074d4   0x00000104   Code   RO         2973    i.hts221_init       main.o
    0x080075d8   0x00000014   Code   RO         4410    i.hw_deinit         sim808.o
    0x080075ec   0x0000000c   Code   RO         4411    i.hw_delay          sim808.o
    0x080075f8   0x00000058   Code   RO         4412    i.hw_init           sim808.o
    0x08007650   0x00000012   Code   RO         3916    i.hw_printChar      console.o
    0x08007662   0x0000001c   Code   RO         3917    i.hw_printString    console.o
    0x0800767e   0x00000002   PAD
    0x08007680   0x00000024   Code   RO         4413    i.hw_reset          sim808.o
    0x080076a4   0x0000001a   Code   RO         3918    i.hw_startDMA       console.o
    0x080076be   0x0000000c   Code   RO         4415    i.lastIndex         sim808.o
    0x080076ca   0x00000002   PAD
    0x080076cc   0x000000b8   Code   RO         2974    i.loadFlashData     main.o
    0x08007784   0x0000031c   Code   RO         2975    i.main              main.o
    0x08007aa0   0x000002e8   Code   RO         2976    i.mainThread        main.o
    0x08007d88   0x0000006c   Code   RO         5137    i.malloc            mc_p.l(malloc.o)
    0x08007df4   0x0000001c   Code   RO         3919    i.newStr            console.o
    0x08007e10   0x000001f4   Code   RO         2977    i.optData2Usart2    main.o
    0x08008004   0x000000d0   Code   RO         3920    i.paresLine         console.o
    0x080080d4   0x000000a8   Code   RO         3614    i.parse_array       cjson.o
    0x0800817c   0x00000114   Code   RO         3615    i.parse_hex4        cjson.o
    0x08008290   0x0000018c   Code   RO         3616    i.parse_number      cjson.o
    0x0800841c   0x00000110   Code   RO         3617    i.parse_object      cjson.o
    0x0800852c   0x000001ec   Code   RO         3618    i.parse_string      cjson.o
    0x08008718   0x000000c0   Code   RO         3619    i.parse_value       cjson.o
    0x080087d8   0x0000008c   Code   RO         2978    i.pm25_getValue     main.o
    0x08008864   0x000001d8   Code   RO         2979    i.pm25_update       main.o
    0x08008a3c   0x000009fc   Code   RO         4825    i.pow               m_ps.l(pow.o)
    0x08009438   0x0000017c   Code   RO         3620    i.print_array       cjson.o
    0x080095b4   0x00000144   Code   RO         3621    i.print_number      cjson.o
    0x080096f8   0x000002bc   Code   RO         3622    i.print_object      cjson.o
    0x080099b4   0x0000000c   Code   RO         3623    i.print_string      cjson.o
    0x080099c0   0x00000128   Code   RO         3624    i.print_string_ptr  cjson.o
    0x08009ae8   0x00000090   Code   RO         3625    i.print_value       cjson.o
    0x08009b78   0x00000034   Code   RO         3921    i.reOrgString       console.o
    0x08009bac   0x0000004c   Code   RO         4416    i.readBuffer        sim808.o
    0x08009bf8   0x00000044   Code   RO         4417    i.readFocus         sim808.o
    0x08009c3c   0x0000002e   Code   RO         4082    i.readInPage        fpe.o
    0x08009c6a   0x00000002   PAD
    0x08009c6c   0x00000078   Code   RO         3922    i.readNewLine       console.o
    0x08009ce4   0x0000004a   Code   RO         4418    i.readNewLine       sim808.o
    0x08009d2e   0x00000002   PAD
    0x08009d30   0x00000078   Code   RO         4419    i.receiveData       sim808.o
    0x08009da8   0x00000092   Code   RO         4083    i.reorder           fpe.o
    0x08009e3a   0x00000002   PAD
    0x08009e3c   0x00000038   Code   RO         2981    i.reset             main.o
    0x08009e74   0x00000044   Code   RO         4420    i.reset             sim808.o
    0x08009eb8   0x00000038   Code   RO         4423    i.setCommandWait    sim808.o
    0x08009ef0   0x000000e4   Code   RO         4424    i.sim808_GetDeviceId  sim808.o
    0x08009fd4   0x00000014   Code   RO         4425    i.sim808_GetInfo    sim808.o
    0x08009fe8   0x000000c4   Code   RO         2982    i.sim808_HandleResponse  main.o
    0x0800a0ac   0x0000002c   Code   RO         4426    i.sim808_SetGpsInfo  sim808.o
    0x0800a0d8   0x00000198   Code   RO         4427    i.sim808_UpdateGPRSStatus  sim808.o
    0x0800a270   0x0000018c   Code   RO         2983    i.sim808_UpdateGPS  main.o
    0x0800a3fc   0x000000d4   Code   RO         4428    i.sim808_UpdateGPSStatus  sim808.o
    0x0800a4d0   0x000000ac   Code   RO         4429    i.sim808_UpdateGSMStatus  sim808.o
    0x0800a57c   0x00000048   Code   RO         4430    i.sim808_UpdateInfo  sim808.o
    0x0800a5c4   0x00000010   Code   RO         4431    i.sim808_UpdateStatus  sim808.o
    0x0800a5d4   0x00000070   Code   RO         4432    i.sim808_connectUDP  sim808.o
    0x0800a644   0x00000008   Code   RO         4433    i.sim808_deinit     sim808.o
    0x0800a64c   0x00000010   Code   RO         4436    i.sim808_getReceiveString  sim808.o
    0x0800a65c   0x00000014   Code   RO         4439    i.sim808_init       sim808.o
    0x0800a670   0x00000034   Code   RO         4441    i.sim808_run        sim808.o
    0x0800a6a4   0x0000002c   Code   RO         4446    i.sim808_smart      sim808.o
    0x0800a6d0   0x00000034   Code   RO         4447    i.sim808_smartStop  sim808.o
    0x0800a704   0x00000084   Code   RO         4450    i.sim808_udp        sim808.o
    0x0800a788   0x00000016   Code   RO         3626    i.skip              cjson.o
    0x0800a79e   0x00000002   PAD
    0x0800a7a0   0x0000006c   Code   RO         4451    i.smart             sim808.o
    0x0800a80c   0x00000194   Code   RO         4452    i.smartInfo         sim808.o
    0x0800a9a0   0x00000048   Code   RO         5220    i.sqrt              m_ps.l(sqrt.o)
    0x0800a9e8   0x00000088   Code   RO         2984    i.startAlarm        main.o
    0x0800aa70   0x00000144   Code   RO         4454    i.statusChanged     sim808.o
    0x0800abb4   0x00000064   Code   RO         3923    i.substr            console.o
    0x0800ac18   0x00000006   Code   RO         3627    i.suffix_object     cjson.o
    0x0800ac1e   0x00000002   PAD
    0x0800ac20   0x00000244   Code   RO         2985    i.th_check_end      main.o
    0x0800ae64   0x00000038   Code   RO         2986    i.th_update         main.o
    0x0800ae9c   0x0000004a   Code   RO         4283    i.thread_add        thread.o
    0x0800aee6   0x00000002   PAD
    0x0800aee8   0x00000034   Code   RO         4287    i.thread_init       thread.o
    0x0800af1c   0x0000003c   Code   RO         4288    i.thread_quickAdd   thread.o
    0x0800af58   0x00000042   Code   RO         4289    i.thread_remove     thread.o
    0x0800af9a   0x00000002   PAD
    0x0800af9c   0x00000064   Code   RO         4290    i.thread_run        thread.o
    0x0800b000   0x00000018   Code   RO         4352    i.tick_add          tick.o
    0x0800b018   0x00000024   Code   RO         4353    i.tick_init         tick.o
    0x0800b03c   0x00000008   Code   RO         2987    i.tick_ms           main.o
    0x0800b044   0x0000000c   Code   RO         4354    i.tick_start        tick.o
    0x0800b050   0x00000042   Code   RO         2988    i.updateStringSetting  main.o
    0x0800b092   0x00000002   PAD
    0x0800b094   0x0000005c   Code   RO         4455    i.vSetCommand       sim808.o
    0x0800b0f0   0x00000070   Code   RO         4456    i.waitUntilBlankLine  sim808.o
    0x0800b160   0x000000c4   Code   RO         4457    i.waitUntilOk       sim808.o
    0x0800b224   0x00000060   Code   RO         4458    i.waitUntilRxStopped  sim808.o
    0x0800b284   0x0000005c   Code   RO         4084    i.writeInPage       fpe.o
    0x0800b2e0   0x00000010   Data   RO          500    .constdata          stm32f0xx_hal_rcc.o
    0x0800b2f0   0x00000007   Data   RO         3628    .constdata          cjson.o
    0x0800b2f7   0x00000001   PAD
    0x0800b2f8   0x00000088   Data   RO         4826    .constdata          m_ps.l(pow.o)
    0x0800b380   0x00000008   Data   RO         5218    .constdata          m_ps.l(qnan.o)
    0x0800b388   0x00000081   Data   RO         5279    .constdata          mc_p.l(ctype_o.o)
    0x0800b409   0x00000003   PAD
    0x0800b40c   0x00000004   Data   RO         5280    .constdata          mc_p.l(ctype_o.o)
    0x0800b410   0x00000019   Data   RO         2990    .conststring        main.o
    0x0800b429   0x00000003   PAD
    0x0800b42c   0x00000004   Data   RO         3924    .conststring        console.o
    0x0800b430   0x00000020   Data   RO         5325    Region$$Table       anon$$obj.o


    Execution Region RW_IRAM1 (Base: 0x20000000, Size: 0x00001c28, Max: 0x00002000, ABSOLUTE, COMPRESSED[0x0000004c])

    Base Addr    Size         Type   Attr      Idx    E Section Name        Object

    0x20000000   0x00000014   Data   RW            5    .data               system_stm32f0xx.o
    0x20000014   0x00000004   Data   RW         1481    .data               stm32f0xx_hal.o
    0x20000018   0x0000008d   Data   RW         2991    .data               main.o
    0x200000a5   0x00000003   PAD
    0x200000a8   0x0000000c   Data   RW         3629    .data               cjson.o
    0x200000b4   0x00000008   Data   RW         3925    .data               console.o
    0x200000bc   0x00000004   Data   RW         4045    .data               delaycall.o
    0x200000c0   0x00000008   Data   RW         4085    .data               fpe.o
    0x200000c8   0x00000004   Data   RW         4291    .data               thread.o
    0x200000cc   0x00000009   Data   RW         4356    .data               tick.o
    0x200000d5   0x00000003   PAD
    0x200000d8   0x00000058   Data   RW         4463    .data               sim808.o
    0x20000130   0x00000040   Data   RW         4775    .data               md5.o
    0x20000170   0x00000004   Data   RW         4864    .data               mc_p.l(strtok.o)
    0x20000174   0x00000004   Data   RW         5241    .data               mc_p.l(stdout.o)
    0x20000178   0x00000004   Data   RW         5248    .data               mc_p.l(mvars.o)
    0x2000017c   0x00000004   Data   RW         5249    .data               mc_p.l(mvars.o)
    0x20000180   0x00000004   Data   RW         5253    .data               mc_p.l(errno.o)
    0x20000184   0x00000004   PAD
    0x20000188   0x00000020   Zero   RW         2532    .bss                stm32f0xx_hal_flash.o
    0x200001a8   0x0000003c   Zero   RW         2887    .bss                tim.o
    0x200001e4   0x000001b6   Zero   RW         2989    .bss                main.o
    0x2000039a   0x00000002   PAD
    0x2000039c   0x00000084   Zero   RW         3279    .bss                adc.o
    0x20000420   0x0000003c   Zero   RW         3317    .bss                i2c.o
    0x2000045c   0x00000020   Zero   RW         3355    .bss                rtc.o
    0x2000047c   0x00000150   Zero   RW         3394    .bss                usart.o
    0x200005cc   0x00000004   PAD
    0x200005d0   0x00000158   Zero   RW         4461    .bss                sim808.o
    0x20000728   0x00001000   Zero   RW         2921    HEAP                startup_stm32f030x8.o
    0x20001728   0x00000500   Zero   RW         2920    STACK               startup_stm32f030x8.o


==============================================================================

Image component sizes


      Code (inc. data)   RO Data    RW Data    ZI Data      Debug   Object Name

       240         28          0          0        132       1772   adc.o
      4288        232          7         12          0      22984   cjson.o
      1290         56          4          8          0      13836   console.o
       136         16          0          4          0       2897   delaycall.o
        52          4          0          0          0        782   dma.o
       810         34          0          8          0       8140   fpe.o
       240         18          0          0          0       1011   gpio.o
       152         24          0          0         60       1661   i2c.o
      6252       1030         25        141        438      36612   main.o
      2532        270          0         64          0       5170   md5.o
       136         20          0          0         32       1591   rtc.o
      3834        826          0         88        344      28212   sim808.o
        28          8        180          0       5376        740   startup_stm32f030x8.o
       124         14          0          4          0       3806   stm32f0xx_hal.o
      1406         58          0          0          0       7206   stm32f0xx_hal_adc.o
       194          0          0          0          0       1338   stm32f0xx_hal_adc_ex.o
       344         44          0          0          0      11909   stm32f0xx_hal_cortex.o
       950         12          0          0          0       4347   stm32f0xx_hal_dma.o
       452         52          0          0         32       4342   stm32f0xx_hal_flash.o
       256         30          0          0          0       2503   stm32f0xx_hal_flash_ex.o
       516         26          0          0          0       2981   stm32f0xx_hal_gpio.o
      1992         34          0          0          0      10006   stm32f0xx_hal_i2c.o
       142          0          0          0          0       1195   stm32f0xx_hal_i2c_ex.o
        48          6          0          0          0        870   stm32f0xx_hal_msp.o
        92         12          0          0          0       1247   stm32f0xx_hal_pwr.o
      2320         98         16          0          0       5593   stm32f0xx_hal_rcc.o
       296         14          0          0          0       1448   stm32f0xx_hal_rcc_ex.o
      1492         32          0          0          0       8044   stm32f0xx_hal_rtc.o
      1208         24          0          0          0       9547   stm32f0xx_hal_tim.o
       102          0          0          0          0       2366   stm32f0xx_hal_tim_ex.o
      1686         42          0          0          0      10592   stm32f0xx_hal_uart.o
       112         20          0          0          0       2965   stm32f0xx_it.o
       116         12          0         20          0     212297   system_stm32f0xx.o
       452         14          0          4          0       5732   thread.o
       132         28          0          9          0       3111   tick.o
       144         20          0          0         60       1686   tim.o
       396         46          0          0        336       2489   usart.o

    ----------------------------------------------------------------------
     35016       3204        268        368       6816     443028   Object Totals
         0          0         32          0          0          0   (incl. Generated)
        54          0          4          6          6          0   (incl. Padding)

    ----------------------------------------------------------------------

      Code (inc. data)   RO Data    RW Data    ZI Data      Debug   Library Member Name

        42          0          0          0          0         76   atof.o
        84         14          0          0          0        340   dunder.o
       200         20          0          0          0         76   floor.o
        60          4          0          0          0         76   fmax.o
        60          4          0          0          0         76   fmin.o
        44          4          0          0          0         60   fpclassify.o
       172          0          0          0          0         76   poly.o
      2556        196        136          0          0        240   pow.o
         0          0          8          0          0          0   qnan.o
        72          6          0          0          0         76   sqrt.o
        86          0          0          0          0          0   __dczerorl2.o
        30          0          0          0          0         60   _chval.o
        68          0          0          0          0         76   _sgetc.o
       166          0          0          0          0         84   _strtoul.o
        26          0          0          0          0         72   atoi.o
        26          0          0          0          0         72   atol.o
         8          4        133          0          0         60   ctype_o.o
         0          0          0          0          0          0   entry.o
         0          0          0          0          0          0   entry10a.o
         0          0          0          0          0          0   entry11a.o
         8          4          0          0          0          0   entry2.o
         4          0          0          0          0          0   entry5.o
         0          0          0          0          0          0   entry7b.o
         0          0          0          0          0          0   entry8b.o
         8          4          0          0          0          0   entry9a.o
        32         16          0          4          0        180   errno.o
        30          0          0          0          0          0   handlers.o
        36          8          0          0          0         68   init.o
        18          0          0          0          0         68   isspace_o.o
         0          0          0          0          0          0   iusefp.o
       122          0          0          0          0         84   llmul.o
        32          0          0          0          0         68   llshl.o
        38          0          0          0          0         68   llsshr.o
        34          0          0          0          0         68   llushr.o
       192         20          0          0          0        144   malloc.o
        36          0          0          0          0         60   memcpya.o
        36          0          0          0          0        100   memseta.o
         0          0          0          8          0          0   mvars.o
      2332        106          0          0          0        688   printfa.o
       858         12          0          0          0        184   scanf_fp.o
         0          0          0          4          0          0   stdout.o
        38          0          0          0          0         76   strcasecmp.o
        20          0          0          0          0         60   strchr.o
        28          0          0          0          0         68   strcmp.o
        18          0          0          0          0         60   strcpy.o
        14          0          0          0          0         60   strlen.o
        46          0          0          0          0         76   strncasecmp.o
        30          0          0          0          0         72   strncmp.o
        26          0          0          0          0         68   strncpy.o
        40          0          0          0          0         72   strstr.o
       164         18          0          0          0        120   strtod.o
        72          4          0          4          0         72   strtok.o
       112          4          0          0          0         76   strtol.o
        12          0          0          0          0         60   tolower.o
        44          0          0          0          0         72   uidiv.o
        96          0          0          0          0         84   uldiv.o
        40          2          0          0          0         68   cdcmple.o
        40          2          0          0          0         68   cdrcmple.o
        20          0          0          0          0         68   cfcmple.o
        20          0          0          0          0         68   cfrcmple.o
        56          0          0          0          0         68   d2f.o
       356          4          0          0          0        140   dadd.o
        96          8          0          0          0         72   dcmp4.o
       240          6          0          0          0         84   ddiv.o
       236          0          0          0          0        216   depilogue.o
        72         10          0          0          0         72   dfixi.o
        60         10          0          0          0         68   dfixui.o
        64         10          0          0          0         68   dfixul.o
        40          6          0          0          0         68   dflti.o
        28          4          0          0          0         68   dfltui.o
        28          6          0          0          0         68   dfltul.o
       208          6          0          0          0         88   dmul.o
        44          0          0          0          0         72   dscalb.o
       162          0          0          0          0         80   dsqrt.o
        40          0          0          0          0         60   f2d.o
       178          0          0          0          0        108   fadd.o
       124          0          0          0          0         72   fdiv.o
       130          0          0          0          0        144   fepilogue.o
        22          0          0          0          0         68   fflti.o

    ----------------------------------------------------------------------
     10596        522        280         20          4       6352   Library Totals
        16          0          3          0          4          0   (incl. Padding)

    ----------------------------------------------------------------------

      Code (inc. data)   RO Data    RW Data    ZI Data      Debug   Library Name

      3290        248        144          0          0       1096   m_ps.l
      4986        200        133         20          0       3300   mc_p.l
      2304         74          0          0          0       1956   mf_p.l

    ----------------------------------------------------------------------
     10596        522        280         20          4       6352   Library Totals

    ----------------------------------------------------------------------

==============================================================================


      Code (inc. data)   RO Data    RW Data    ZI Data      Debug   

     45612       3726        548        388       6820     434304   Grand Totals
     45612       3726        548         76       6820     434304   ELF Image Totals (compressed)
     45612       3726        548         76          0          0   ROM Totals

==============================================================================

    Total RO  Size (Code + RO Data)                46160 (  45.08kB)
    Total RW  Size (RW Data + ZI Data)              7208 (   7.04kB)
    Total ROM Size (Code + RO Data + RW Data)      46236 (  45.15kB)

==============================================================================

